[    3050ms] [WARNING] not declared, change metadata.json in santa-editor/infra: @wix/editor-platform-host-integration/ui, PlatformFramePanel @ https://static.parastorage.com/unpkg/@sentry/browser@6.19.7/build/bundle.min.js:1
[    6549ms] [WARNING] Stylable.process is deprecated, please use stylable.analyze instead @ https://static.parastorage.com/services/wix-thunderbolt-ds/dist/dynamic-imports.d4f815f4.chunk.min.js:0
[    7039ms] [WARNING] "safeParse" is deprecated, please use postcss-safe-parser @ https://static.parastorage.com/services/wix-thunderbolt-ds/dist/dynamic-imports.d4f815f4.chunk.min.js:0
[   10087ms] [WARNING] react-i18next:: It seems you are still using the old wait option, you may migrate to the new useSuspense behaviour. @ https://static.parastorage.com/services/form-app/1.2429.0/FormViewerWidgetNoCss.bundle.min.js:3
[   15699ms] [WARNING] Failed to set the selected label handler name to CORVID_LABEL_HANDLER because no such label handler is contributed. {$ep: Private Label Handler Manager API} @ https://static.parastorage.com/unpkg/@sentry/browser@6.19.7/build/bundle.min.js:1
[   16355ms] [WARNING] editorSDK.document.components.serialize() has been deprecated - please do not use it anymore. For more information, see the API reference. @ https://editor.wix.com/_partials/santa-platform-apps-container/1.3078.0/dist/platform-worker.js:0
[   16356ms] [ERROR] This method will be removed in March 18, 2026 @ https://editor.wix.com/_partials/santa-platform-apps-container/1.3078.0/dist/platform-worker.js:0
[   16356ms] [WARNING] editorSDK.document.components.serialize() has been deprecated - please do not use it anymore. For more information, see the API reference. @ https://editor.wix.com/_partials/santa-platform-apps-container/1.3078.0/dist/platform-worker.js:0
[   16356ms] [ERROR] This method will be removed in March 18, 2026 @ https://editor.wix.com/_partials/santa-platform-apps-container/1.3078.0/dist/platform-worker.js:0
[   16637ms] [WARNING] Using fetchWidgetsStageData(initialAppData, translateFunc) is deprecated
Please initialize call with options @ https://editor.wix.com/_partials/santa-platform-apps-container/1.3078.0/dist/platform-worker.js:0
[   17228ms] [WARNING] [001] potential listener LEAK detected, having 200 listeners already. MOST frequent listener (1): @ https://static.parastorage.com/unpkg/@sentry/browser@6.19.7/build/bundle.min.js:1
[   17228ms] [WARNING] Error
    at h.create (https://static.parastorage.com/services/wix-code-code-editor/1.1823.0/static/js/codeEditor.js:2:875852)
    at Vi._event [as _onDidChangeLanguages] (https://static.parastorage.com/services/wix-code-code-editor/1.1823.0/static/js/codeEditor.js:2:877405)
    at get onDidChange (https://static.parastorage.com/services/wix-code-code-editor/1.1823.0/static/js/codeEditor.js:2:2991762)
    at new At (https://static.parastorage.com/services/wix-code-code-editor/1.1823.0/static/js/codeEditor.js:2:2558427)
    at jn._createModelData (https://static.parastorage.com/services/wix-code-code-editor/1.1823.0/static/js/codeEditor.js:2:3033953)
    at jn.createModel (https://static.parastorage.com/services/wix-code-code-editor/1.1823.0/static/js/codeEditor.js:2:3035044)
    at qr (https://static.parastorage.com/services/wix-code-code-editor/1.1823.0/static/js/codeEditor.js:2:3155677)
    at Kr (https://static.parastorage.com/services/wix-code-code-editor/1.1823.0/static/js/codeEditor.js:2:3155563)
    at Object.Ta [as createModel] (https://static.parastorage.com/services/wix-code-code-editor/1.1823.0/static/js/codeEditor.js:2:3174109)
    at Object.create (https://static.parastorage.com/services/wix-code-code-editor/1.1823.0/static/js/codeEditor.js:2:4630178)
    at Object.create (https://static.parastorage.com/services/wix-code-code-editor/1.1823.0/static/js/codeEditor.js:2:4711952)
    at d (https://static.parastorage.com/services/wix-code-classic-editor/1.1279.4140/index.bundle.min.js:44:103231)
    at https://static.parastorage.com/services/wix-code-classic-editor/1.1279.4140/index.bundle.min.js:44:105855
    at Array.map (<anonymous>)
    at https://static.parastorage.com/services/wix-code-classic-editor/1.1279.4140/index.bundle.min.js:44:105709
    at https://static.parastorage.com/services/wix-code-classic-editor/1.1279.4140/index.bundle.min.js:118:3066
    at dispatch (https://static.parastorage.com/services/wix-code-classic-editor/1.1279.4140/index.bundle.min.js:118:7025)
    at https://static.parastorage.com/services/wix-code-classic-editor/1.1279.4140/index.bundle.min.js:44:108291
    at Object.dispatch (https://static.parastorage.com/services/wix-code-classic-editor/1.1279.4140/index.bundle.min.js:118:3066)
    at https://static.parastorage.com/services/wix-code-classic-editor/1.1279.4140/index.bundle.min.js:44:152408
    at async https://static.parastorage.com/services/wix-code-classic-editor/1.1279.4140/index.bundle.min.js:44:152246
    at async m (https://static.parastorage.com/services/wix-code-classic-editor/1.1279.4140/index.bundle.min.js:49:1238728)
    at async Promise.all (index 1) @ https://static.parastorage.com/unpkg/@sentry/browser@6.19.7/build/bundle.min.js:1
[   17375ms] Error: [001] potential listener LEAK detected, having 200 listeners already. MOST frequent listener (1):

Error
    at h.create (https://static.parastorage.com/services/wix-code-code-editor/1.1823.0/static/js/codeEditor.js:2:875852)
    at Vi._event [as _onDidChangeLanguages] (https://static.parastorage.com/services/wix-code-code-editor/1.1823.0/static/js/codeEditor.js:2:877405)
    at get onDidChange (https://static.parastorage.com/services/wix-code-code-editor/1.1823.0/static/js/codeEditor.js:2:2991762)
    at new At (https://static.parastorage.com/services/wix-code-code-editor/1.1823.0/static/js/codeEditor.js:2:2558427)
    at jn._createModelData (https://static.parastorage.com/services/wix-code-code-editor/1.1823.0/static/js/codeEditor.js:2:3033953)
    at jn.createModel (https://static.parastorage.com/services/wix-code-code-editor/1.1823.0/static/js/codeEditor.js:2:3035044)
    at qr (https://static.parastorage.com/services/wix-code-code-editor/1.1823.0/static/js/codeEditor.js:2:3155677)
    at Kr (https://static.parastorage.com/services/wix-code-code-editor/1.1823.0/static/js/codeEditor.js:2:3155563)
    at Object.Ta [as createModel] (https://static.parastorage.com/services/wix-code-code-editor/1.1823.0/static/js/codeEditor.js:2:3174109)
    at Object.create (https://static.parastorage.com/services/wix-code-code-editor/1.1823.0/static/js/codeEditor.js:2:4630178)
    at Object.create (https://static.parastorage.com/services/wix-code-code-editor/1.1823.0/static/js/codeEditor.js:2:4711952)
    at d (https://static.parastorage.com/services/wix-code-classic-editor/1.1279.4140/index.bundle.min.js:44:103231)
    at https://static.parastorage.com/services/wix-code-classic-editor/1.1279.4140/index.bundle.min.js:44:105855
    at Array.map (<anonymous>)
    at https://static.parastorage.com/services/wix-code-classic-editor/1.1279.4140/index.bundle.min.js:44:105709
    at https://static.parastorage.com/services/wix-code-classic-editor/1.1279.4140/index.bundle.min.js:118:3066
    at dispatch (https://static.parastorage.com/services/wix-code-classic-editor/1.1279.4140/index.bundle.min.js:118:7025)
    at https://static.parastorage.com/services/wix-code-classic-editor/1.1279.4140/index.bundle.min.js:44:108291
    at Object.dispatch (https://static.parastorage.com/services/wix-code-classic-editor/1.1279.4140/index.bundle.min.js:118:3066)
    at https://static.parastorage.com/services/wix-code-classic-editor/1.1279.4140/index.bundle.min.js:44:152408
    at async https://static.parastorage.com/services/wix-code-classic-editor/1.1279.4140/index.bundle.min.js:44:152246
    at async m (https://static.parastorage.com/services/wix-code-classic-editor/1.1279.4140/index.bundle.min.js:49:1238728)
    at async Promise.all (index 1)
    at h.create (https://static.parastorage.com/services/wix-code-code-editor/1.1823.0/static/js/codeEditor.js:2:875852)
    at Vi._event [as _onDidChangeLanguages] (https://static.parastorage.com/services/wix-code-code-editor/1.1823.0/static/js/codeEditor.js:2:877405)
    at get onDidChange (https://static.parastorage.com/services/wix-code-code-editor/1.1823.0/static/js/codeEditor.js:2:2991762)
    at new At (https://static.parastorage.com/services/wix-code-code-editor/1.1823.0/static/js/codeEditor.js:2:2558427)
    at jn._createModelData (https://static.parastorage.com/services/wix-code-code-editor/1.1823.0/static/js/codeEditor.js:2:3033953)
    at jn.createModel (https://static.parastorage.com/services/wix-code-code-editor/1.1823.0/static/js/codeEditor.js:2:3035044)
    at qr (https://static.parastorage.com/services/wix-code-code-editor/1.1823.0/static/js/codeEditor.js:2:3155677)
    at Kr (https://static.parastorage.com/services/wix-code-code-editor/1.1823.0/static/js/codeEditor.js:2:3155563)
    at Object.Ta [as createModel] (https://static.parastorage.com/services/wix-code-code-editor/1.1823.0/static/js/codeEditor.js:2:3174109)
    at Object.create (https://static.parastorage.com/services/wix-code-code-editor/1.1823.0/static/js/codeEditor.js:2:4630178)
    at Object.create (https://static.parastorage.com/services/wix-code-code-editor/1.1823.0/static/js/codeEditor.js:2:4711952)
    at d (https://static.parastorage.com/services/wix-code-classic-editor/1.1279.4140/index.bundle.min.js:44:103231)
    at https://static.parastorage.com/services/wix-code-classic-editor/1.1279.4140/index.bundle.min.js:44:105855
    at Array.map (<anonymous>)
    at https://static.parastorage.com/services/wix-code-classic-editor/1.1279.4140/index.bundle.min.js:44:105709
    at https://static.parastorage.com/services/wix-code-classic-editor/1.1279.4140/index.bundle.min.js:118:3066
    at dispatch (https://static.parastorage.com/services/wix-code-classic-editor/1.1279.4140/index.bundle.min.js:118:7025)
    at https://static.parastorage.com/services/wix-code-classic-editor/1.1279.4140/index.bundle.min.js:44:108291
    at Object.dispatch (https://static.parastorage.com/services/wix-code-classic-editor/1.1279.4140/index.bundle.min.js:118:3066)
    at https://static.parastorage.com/services/wix-code-classic-editor/1.1279.4140/index.bundle.min.js:44:152408
    at async https://static.parastorage.com/services/wix-code-classic-editor/1.1279.4140/index.bundle.min.js:44:152246
    at async m (https://static.parastorage.com/services/wix-code-classic-editor/1.1279.4140/index.bundle.min.js:49:1238728)
    at async Promise.all (index 1)
    at https://static.parastorage.com/services/wix-code-code-editor/1.1823.0/static/js/codeEditor.js:2:868783
    at a (https://static.parastorage.com/services/wix-code-classic-editor/1.1279.4140/index.bundle.min.js:1:40930)
[   17917ms] [ERROR] Failed to load resource: the server responded with a status of 404 () @ https://editor.wix.com/_api/wix-code-ide-server-ng/v1/apps/6f0e13d4-3e10-4fda-8f55-a95b6b6cb58c/file?gridAppId=6f0e13d4-3e10-4fda-8f55-a95b6b6cb58c&layout=ONLINE&path=public%2Fpages%2Fype8c.js&branchId=00000000-0000-0000-0000-000000000000:0
[   17918ms] [ERROR] e: Request failed with status code 404
    at DOt (https://static.parastorage.com/services/document-management/1.17316.0/tb-main/dist/tb-main-internal.min.js:158:167255)
    at Ad.handleRequestError (https://static.parastorage.com/services/document-management/1.17316.0/tb-main/dist/tb-main-internal.min.js:158:170848)
    at Ad.request (https://static.parastorage.com/services/document-management/1.17316.0/tb-main/dist/tb-main-internal.min.js:158:169514)
    at async Object.c [as readFile] (https://static.parastorage.com/services/document-management/1.17316.0/tb-main/dist/tb-main-internal.min.js:461:41235)
    at async u (https://static.parastorage.com/services/wix-code-classic-editor/1.1279.4140/index.bundle.min.js:49:213933)
    at async Promise.allSettled (index 0)
    at async Object.initializeMap (https://static.parastorage.com/services/wix-code-classic-editor/1.1279.4140/index.bundle.min.js:49:214722)
    at async Object.extend (https://static.parastorage.com/services/wix-code-classic-editor/1.1279.4140/index.bundle.min.js:49:318022) @ https://static.parastorage.com/unpkg/@sentry/browser@6.19.7/build/bundle.min.js:1
[   17936ms] [ERROR] Failed to load resource: the server responded with a status of 404 () @ https://editor.wix.com/_api/wix-code-ide-server-ng/v1/apps/6f0e13d4-3e10-4fda-8f55-a95b6b6cb58c/file?gridAppId=6f0e13d4-3e10-4fda-8f55-a95b6b6cb58c&layout=ONLINE&path=public%2Fpages%2Fdk9x8.js&branchId=00000000-0000-0000-0000-000000000000:0
[   17937ms] [ERROR] e: Request failed with status code 404
    at DOt (https://static.parastorage.com/services/document-management/1.17316.0/tb-main/dist/tb-main-internal.min.js:158:167255)
    at Ad.handleRequestError (https://static.parastorage.com/services/document-management/1.17316.0/tb-main/dist/tb-main-internal.min.js:158:170848)
    at Ad.request (https://static.parastorage.com/services/document-management/1.17316.0/tb-main/dist/tb-main-internal.min.js:158:169514)
    at async Object.c [as readFile] (https://static.parastorage.com/services/document-management/1.17316.0/tb-main/dist/tb-main-internal.min.js:461:41235)
    at async u (https://static.parastorage.com/services/wix-code-classic-editor/1.1279.4140/index.bundle.min.js:49:213933)
    at async Promise.allSettled (index 3)
    at async Object.initializeMap (https://static.parastorage.com/services/wix-code-classic-editor/1.1279.4140/index.bundle.min.js:49:214722)
    at async Object.extend (https://static.parastorage.com/services/wix-code-classic-editor/1.1279.4140/index.bundle.min.js:49:318022) @ https://static.parastorage.com/unpkg/@sentry/browser@6.19.7/build/bundle.min.js:1
[   17937ms] [ERROR] Failed to load resource: the server responded with a status of 404 () @ https://editor.wix.com/_api/wix-code-ide-server-ng/v1/apps/6f0e13d4-3e10-4fda-8f55-a95b6b6cb58c/file?gridAppId=6f0e13d4-3e10-4fda-8f55-a95b6b6cb58c&layout=ONLINE&path=public%2Fpages%2Fevr2j.js&branchId=00000000-0000-0000-0000-000000000000:0
[   17937ms] [ERROR] e: Request failed with status code 404
    at DOt (https://static.parastorage.com/services/document-management/1.17316.0/tb-main/dist/tb-main-internal.min.js:158:167255)
    at Ad.handleRequestError (https://static.parastorage.com/services/document-management/1.17316.0/tb-main/dist/tb-main-internal.min.js:158:170848)
    at Ad.request (https://static.parastorage.com/services/document-management/1.17316.0/tb-main/dist/tb-main-internal.min.js:158:169514)
    at async Object.c [as readFile] (https://static.parastorage.com/services/document-management/1.17316.0/tb-main/dist/tb-main-internal.min.js:461:41235)
    at async u (https://static.parastorage.com/services/wix-code-classic-editor/1.1279.4140/index.bundle.min.js:49:213933)
    at async Promise.allSettled (index 14)
    at async Object.initializeMap (https://static.parastorage.com/services/wix-code-classic-editor/1.1279.4140/index.bundle.min.js:49:214722)
    at async Object.extend (https://static.parastorage.com/services/wix-code-classic-editor/1.1279.4140/index.bundle.min.js:49:318022) @ https://static.parastorage.com/unpkg/@sentry/browser@6.19.7/build/bundle.min.js:1
[   17937ms] [ERROR] Failed to load resource: the server responded with a status of 404 () @ https://editor.wix.com/_api/wix-code-ide-server-ng/v1/apps/6f0e13d4-3e10-4fda-8f55-a95b6b6cb58c/file?gridAppId=6f0e13d4-3e10-4fda-8f55-a95b6b6cb58c&layout=ONLINE&path=public%2Fpages%2Fs2c5g.js&branchId=00000000-0000-0000-0000-000000000000:0
[   17937ms] [ERROR] e: Request failed with status code 404
    at DOt (https://static.parastorage.com/services/document-management/1.17316.0/tb-main/dist/tb-main-internal.min.js:158:167255)
    at Ad.handleRequestError (https://static.parastorage.com/services/document-management/1.17316.0/tb-main/dist/tb-main-internal.min.js:158:170848)
    at Ad.request (https://static.parastorage.com/services/document-management/1.17316.0/tb-main/dist/tb-main-internal.min.js:158:169514)
    at async Object.c [as readFile] (https://static.parastorage.com/services/document-management/1.17316.0/tb-main/dist/tb-main-internal.min.js:461:41235)
    at async u (https://static.parastorage.com/services/wix-code-classic-editor/1.1279.4140/index.bundle.min.js:49:213933)
    at async Promise.allSettled (index 12)
    at async Object.initializeMap (https://static.parastorage.com/services/wix-code-classic-editor/1.1279.4140/index.bundle.min.js:49:214722)
    at async Object.extend (https://static.parastorage.com/services/wix-code-classic-editor/1.1279.4140/index.bundle.min.js:49:318022) @ https://static.parastorage.com/unpkg/@sentry/browser@6.19.7/build/bundle.min.js:1
[   17937ms] [ERROR] Failed to load resource: the server responded with a status of 404 () @ https://editor.wix.com/_api/wix-code-ide-server-ng/v1/apps/6f0e13d4-3e10-4fda-8f55-a95b6b6cb58c/file?gridAppId=6f0e13d4-3e10-4fda-8f55-a95b6b6cb58c&layout=ONLINE&path=public%2Fpages%2Fve2z7.js&branchId=00000000-0000-0000-0000-000000000000:0
[   17937ms] [ERROR] e: Request failed with status code 404
    at DOt (https://static.parastorage.com/services/document-management/1.17316.0/tb-main/dist/tb-main-internal.min.js:158:167255)
    at Ad.handleRequestError (https://static.parastorage.com/services/document-management/1.17316.0/tb-main/dist/tb-main-internal.min.js:158:170848)
    at Ad.request (https://static.parastorage.com/services/document-management/1.17316.0/tb-main/dist/tb-main-internal.min.js:158:169514)
    at async Object.c [as readFile] (https://static.parastorage.com/services/document-management/1.17316.0/tb-main/dist/tb-main-internal.min.js:461:41235)
    at async u (https://static.parastorage.com/services/wix-code-classic-editor/1.1279.4140/index.bundle.min.js:49:213933)
    at async Promise.allSettled (index 15)
    at async Object.initializeMap (https://static.parastorage.com/services/wix-code-classic-editor/1.1279.4140/index.bundle.min.js:49:214722)
    at async Object.extend (https://static.parastorage.com/services/wix-code-classic-editor/1.1279.4140/index.bundle.min.js:49:318022) @ https://static.parastorage.com/unpkg/@sentry/browser@6.19.7/build/bundle.min.js:1
[   17937ms] [ERROR] Failed to load resource: the server responded with a status of 404 () @ https://editor.wix.com/_api/wix-code-ide-server-ng/v1/apps/6f0e13d4-3e10-4fda-8f55-a95b6b6cb58c/file?gridAppId=6f0e13d4-3e10-4fda-8f55-a95b6b6cb58c&layout=ONLINE&path=public%2Fpages%2Fdi5bl.js&branchId=00000000-0000-0000-0000-000000000000:0
[   17938ms] [ERROR] e: Request failed with status code 404
    at DOt (https://static.parastorage.com/services/document-management/1.17316.0/tb-main/dist/tb-main-internal.min.js:158:167255)
    at Ad.handleRequestError (https://static.parastorage.com/services/document-management/1.17316.0/tb-main/dist/tb-main-internal.min.js:158:170848)
    at Ad.request (https://static.parastorage.com/services/document-management/1.17316.0/tb-main/dist/tb-main-internal.min.js:158:169514)
    at async Object.c [as readFile] (https://static.parastorage.com/services/document-management/1.17316.0/tb-main/dist/tb-main-internal.min.js:461:41235)
    at async u (https://static.parastorage.com/services/wix-code-classic-editor/1.1279.4140/index.bundle.min.js:49:213933)
    at async Promise.allSettled (index 8)
    at async Object.initializeMap (https://static.parastorage.com/services/wix-code-classic-editor/1.1279.4140/index.bundle.min.js:49:214722)
    at async Object.extend (https://static.parastorage.com/services/wix-code-classic-editor/1.1279.4140/index.bundle.min.js:49:318022) @ https://static.parastorage.com/unpkg/@sentry/browser@6.19.7/build/bundle.min.js:1
[   17938ms] [ERROR] Failed to load resource: the server responded with a status of 404 () @ https://editor.wix.com/_api/wix-code-ide-server-ng/v1/apps/6f0e13d4-3e10-4fda-8f55-a95b6b6cb58c/file?gridAppId=6f0e13d4-3e10-4fda-8f55-a95b6b6cb58c&layout=ONLINE&path=public%2Fpages%2Fk14wx.js&branchId=00000000-0000-0000-0000-000000000000:0
[   17938ms] [ERROR] e: Request failed with status code 404
    at DOt (https://static.parastorage.com/services/document-management/1.17316.0/tb-main/dist/tb-main-internal.min.js:158:167255)
    at Ad.handleRequestError (https://static.parastorage.com/services/document-management/1.17316.0/tb-main/dist/tb-main-internal.min.js:158:170848)
    at Ad.request (https://static.parastorage.com/services/document-management/1.17316.0/tb-main/dist/tb-main-internal.min.js:158:169514)
    at async Object.c [as readFile] (https://static.parastorage.com/services/document-management/1.17316.0/tb-main/dist/tb-main-internal.min.js:461:41235)
    at async u (https://static.parastorage.com/services/wix-code-classic-editor/1.1279.4140/index.bundle.min.js:49:213933)
    at async Promise.allSettled (index 6)
    at async Object.initializeMap (https://static.parastorage.com/services/wix-code-classic-editor/1.1279.4140/index.bundle.min.js:49:214722)
    at async Object.extend (https://static.parastorage.com/services/wix-code-classic-editor/1.1279.4140/index.bundle.min.js:49:318022) @ https://static.parastorage.com/unpkg/@sentry/browser@6.19.7/build/bundle.min.js:1
[   17959ms] [ERROR] Failed to load resource: the server responded with a status of 404 () @ https://editor.wix.com/_api/wix-code-ide-server-ng/v1/apps/6f0e13d4-3e10-4fda-8f55-a95b6b6cb58c/file?gridAppId=6f0e13d4-3e10-4fda-8f55-a95b6b6cb58c&layout=ONLINE&path=public%2Fpages%2Fmqi5m.js&branchId=00000000-0000-0000-0000-000000000000:0
[   17959ms] [ERROR] e: Request failed with status code 404
    at DOt (https://static.parastorage.com/services/document-management/1.17316.0/tb-main/dist/tb-main-internal.min.js:158:167255)
    at Ad.handleRequestError (https://static.parastorage.com/services/document-management/1.17316.0/tb-main/dist/tb-main-internal.min.js:158:170848)
    at Ad.request (https://static.parastorage.com/services/document-management/1.17316.0/tb-main/dist/tb-main-internal.min.js:158:169514)
    at async Object.c [as readFile] (https://static.parastorage.com/services/document-management/1.17316.0/tb-main/dist/tb-main-internal.min.js:461:41235)
    at async u (https://static.parastorage.com/services/wix-code-classic-editor/1.1279.4140/index.bundle.min.js:49:213933)
    at async Promise.allSettled (index 9)
    at async Object.initializeMap (https://static.parastorage.com/services/wix-code-classic-editor/1.1279.4140/index.bundle.min.js:49:214722)
    at async Object.extend (https://static.parastorage.com/services/wix-code-classic-editor/1.1279.4140/index.bundle.min.js:49:318022) @ https://static.parastorage.com/unpkg/@sentry/browser@6.19.7/build/bundle.min.js:1
[   17977ms] [ERROR] Failed to load resource: the server responded with a status of 404 () @ https://editor.wix.com/_api/wix-code-ide-server-ng/v1/apps/6f0e13d4-3e10-4fda-8f55-a95b6b6cb58c/file?gridAppId=6f0e13d4-3e10-4fda-8f55-a95b6b6cb58c&layout=ONLINE&path=public%2Fpages%2Fc1dmp.js&branchId=00000000-0000-0000-0000-000000000000:0
[   17977ms] [ERROR] e: Request failed with status code 404
    at DOt (https://static.parastorage.com/services/document-management/1.17316.0/tb-main/dist/tb-main-internal.min.js:158:167255)
    at Ad.handleRequestError (https://static.parastorage.com/services/document-management/1.17316.0/tb-main/dist/tb-main-internal.min.js:158:170848)
    at Ad.request (https://static.parastorage.com/services/document-management/1.17316.0/tb-main/dist/tb-main-internal.min.js:158:169514)
    at async Object.c [as readFile] (https://static.parastorage.com/services/document-management/1.17316.0/tb-main/dist/tb-main-internal.min.js:461:41235)
    at async u (https://static.parastorage.com/services/wix-code-classic-editor/1.1279.4140/index.bundle.min.js:49:213933)
    at async Promise.allSettled (index 1)
    at async Object.initializeMap (https://static.parastorage.com/services/wix-code-classic-editor/1.1279.4140/index.bundle.min.js:49:214722)
    at async Object.extend (https://static.parastorage.com/services/wix-code-classic-editor/1.1279.4140/index.bundle.min.js:49:318022) @ https://static.parastorage.com/unpkg/@sentry/browser@6.19.7/build/bundle.min.js:1
[   17990ms] [ERROR] Failed to load resource: the server responded with a status of 404 () @ https://editor.wix.com/_api/wix-code-ide-server-ng/v1/apps/6f0e13d4-3e10-4fda-8f55-a95b6b6cb58c/file?gridAppId=6f0e13d4-3e10-4fda-8f55-a95b6b6cb58c&layout=ONLINE&path=public%2Fpages%2Ff00pg.js&branchId=00000000-0000-0000-0000-000000000000:0
[   17990ms] [ERROR] e: Request failed with status code 404
    at DOt (https://static.parastorage.com/services/document-management/1.17316.0/tb-main/dist/tb-main-internal.min.js:158:167255)
    at Ad.handleRequestError (https://static.parastorage.com/services/document-management/1.17316.0/tb-main/dist/tb-main-internal.min.js:158:170848)
    at Ad.request (https://static.parastorage.com/services/document-management/1.17316.0/tb-main/dist/tb-main-internal.min.js:158:169514)
    at async Object.c [as readFile] (https://static.parastorage.com/services/document-management/1.17316.0/tb-main/dist/tb-main-internal.min.js:461:41235)
    at async u (https://static.parastorage.com/services/wix-code-classic-editor/1.1279.4140/index.bundle.min.js:49:213933)
    at async Promise.allSettled (index 5)
    at async Object.initializeMap (https://static.parastorage.com/services/wix-code-classic-editor/1.1279.4140/index.bundle.min.js:49:214722)
    at async Object.extend (https://static.parastorage.com/services/wix-code-classic-editor/1.1279.4140/index.bundle.min.js:49:318022) @ https://static.parastorage.com/unpkg/@sentry/browser@6.19.7/build/bundle.min.js:1
[   18077ms] [ERROR] Failed to load resource: the server responded with a status of 404 () @ https://editor.wix.com/_api/wix-code-ide-server-ng/v1/apps/6f0e13d4-3e10-4fda-8f55-a95b6b6cb58c/file?gridAppId=6f0e13d4-3e10-4fda-8f55-a95b6b6cb58c&layout=ONLINE&path=public%2Fpages%2Fgar3e.js&branchId=00000000-0000-0000-0000-000000000000:0
[   18077ms] [ERROR] e: Request failed with status code 404
    at DOt (https://static.parastorage.com/services/document-management/1.17316.0/tb-main/dist/tb-main-internal.min.js:158:167255)
    at Ad.handleRequestError (https://static.parastorage.com/services/document-management/1.17316.0/tb-main/dist/tb-main-internal.min.js:158:170848)
    at Ad.request (https://static.parastorage.com/services/document-management/1.17316.0/tb-main/dist/tb-main-internal.min.js:158:169514)
    at async Object.c [as readFile] (https://static.parastorage.com/services/document-management/1.17316.0/tb-main/dist/tb-main-internal.min.js:461:41235)
    at async u (https://static.parastorage.com/services/wix-code-classic-editor/1.1279.4140/index.bundle.min.js:49:213933)
    at async Promise.allSettled (index 7)
    at async Object.initializeMap (https://static.parastorage.com/services/wix-code-classic-editor/1.1279.4140/index.bundle.min.js:49:214722)
    at async Object.extend (https://static.parastorage.com/services/wix-code-classic-editor/1.1279.4140/index.bundle.min.js:49:318022) @ https://static.parastorage.com/unpkg/@sentry/browser@6.19.7/build/bundle.min.js:1
[   18093ms] [ERROR] Failed to load resource: the server responded with a status of 404 () @ https://editor.wix.com/_api/wix-code-ide-server-ng/v1/apps/6f0e13d4-3e10-4fda-8f55-a95b6b6cb58c/file?gridAppId=6f0e13d4-3e10-4fda-8f55-a95b6b6cb58c&layout=ONLINE&path=public%2Fpages%2Fz0xvf.js&branchId=00000000-0000-0000-0000-000000000000:0
[   18093ms] [ERROR] e: Request failed with status code 404
    at DOt (https://static.parastorage.com/services/document-management/1.17316.0/tb-main/dist/tb-main-internal.min.js:158:167255)
    at Ad.handleRequestError (https://static.parastorage.com/services/document-management/1.17316.0/tb-main/dist/tb-main-internal.min.js:158:170848)
    at Ad.request (https://static.parastorage.com/services/document-management/1.17316.0/tb-main/dist/tb-main-internal.min.js:158:169514)
    at async Object.c [as readFile] (https://static.parastorage.com/services/document-management/1.17316.0/tb-main/dist/tb-main-internal.min.js:461:41235)
    at async u (https://static.parastorage.com/services/wix-code-classic-editor/1.1279.4140/index.bundle.min.js:49:213933)
    at async Promise.allSettled (index 13)
    at async Object.initializeMap (https://static.parastorage.com/services/wix-code-classic-editor/1.1279.4140/index.bundle.min.js:49:214722)
    at async Object.extend (https://static.parastorage.com/services/wix-code-classic-editor/1.1279.4140/index.bundle.min.js:49:318022) @ https://static.parastorage.com/unpkg/@sentry/browser@6.19.7/build/bundle.min.js:1
[   18093ms] [ERROR] Failed to load resource: the server responded with a status of 404 () @ https://editor.wix.com/_api/wix-code-ide-server-ng/v1/apps/6f0e13d4-3e10-4fda-8f55-a95b6b6cb58c/file?gridAppId=6f0e13d4-3e10-4fda-8f55-a95b6b6cb58c&layout=ONLINE&path=public%2Fpages%2Fjmwgj.js&branchId=00000000-0000-0000-0000-000000000000:0
[   18093ms] [ERROR] e: Request failed with status code 404
    at DOt (https://static.parastorage.com/services/document-management/1.17316.0/tb-main/dist/tb-main-internal.min.js:158:167255)
    at Ad.handleRequestError (https://static.parastorage.com/services/document-management/1.17316.0/tb-main/dist/tb-main-internal.min.js:158:170848)
    at Ad.request (https://static.parastorage.com/services/document-management/1.17316.0/tb-main/dist/tb-main-internal.min.js:158:169514)
    at async Object.c [as readFile] (https://static.parastorage.com/services/document-management/1.17316.0/tb-main/dist/tb-main-internal.min.js:461:41235)
    at async u (https://static.parastorage.com/services/wix-code-classic-editor/1.1279.4140/index.bundle.min.js:49:213933)
    at async Promise.allSettled (index 4)
    at async Object.initializeMap (https://static.parastorage.com/services/wix-code-classic-editor/1.1279.4140/index.bundle.min.js:49:214722)
    at async Object.extend (https://static.parastorage.com/services/wix-code-classic-editor/1.1279.4140/index.bundle.min.js:49:318022) @ https://static.parastorage.com/unpkg/@sentry/browser@6.19.7/build/bundle.min.js:1
[   18093ms] [ERROR] Failed to load resource: the server responded with a status of 404 () @ https://editor.wix.com/_api/wix-code-ide-server-ng/v1/apps/6f0e13d4-3e10-4fda-8f55-a95b6b6cb58c/file?gridAppId=6f0e13d4-3e10-4fda-8f55-a95b6b6cb58c&layout=ONLINE&path=public%2Fpages%2Fpcvmd.js&branchId=00000000-0000-0000-0000-000000000000:0
[   18093ms] [ERROR] e: Request failed with status code 404
    at DOt (https://static.parastorage.com/services/document-management/1.17316.0/tb-main/dist/tb-main-internal.min.js:158:167255)
    at Ad.handleRequestError (https://static.parastorage.com/services/document-management/1.17316.0/tb-main/dist/tb-main-internal.min.js:158:170848)
    at Ad.request (https://static.parastorage.com/services/document-management/1.17316.0/tb-main/dist/tb-main-internal.min.js:158:169514)
    at async Object.c [as readFile] (https://static.parastorage.com/services/document-management/1.17316.0/tb-main/dist/tb-main-internal.min.js:461:41235)
    at async u (https://static.parastorage.com/services/wix-code-classic-editor/1.1279.4140/index.bundle.min.js:49:213933)
    at async Promise.allSettled (index 2)
    at async Object.initializeMap (https://static.parastorage.com/services/wix-code-classic-editor/1.1279.4140/index.bundle.min.js:49:214722)
    at async Object.extend (https://static.parastorage.com/services/wix-code-classic-editor/1.1279.4140/index.bundle.min.js:49:318022) @ https://static.parastorage.com/unpkg/@sentry/browser@6.19.7/build/bundle.min.js:1
[   18093ms] [ERROR] Failed to load resource: the server responded with a status of 404 () @ https://editor.wix.com/_api/wix-code-ide-server-ng/v1/apps/6f0e13d4-3e10-4fda-8f55-a95b6b6cb58c/file?gridAppId=6f0e13d4-3e10-4fda-8f55-a95b6b6cb58c&layout=ONLINE&path=public%2Fpages%2Fpsuom.js&branchId=00000000-0000-0000-0000-000000000000:0
[   18094ms] [ERROR] e: Request failed with status code 404
    at DOt (https://static.parastorage.com/services/document-management/1.17316.0/tb-main/dist/tb-main-internal.min.js:158:167255)
    at Ad.handleRequestError (https://static.parastorage.com/services/document-management/1.17316.0/tb-main/dist/tb-main-internal.min.js:158:170848)
    at Ad.request (https://static.parastorage.com/services/document-management/1.17316.0/tb-main/dist/tb-main-internal.min.js:158:169514)
    at async Object.c [as readFile] (https://static.parastorage.com/services/document-management/1.17316.0/tb-main/dist/tb-main-internal.min.js:461:41235)
    at async u (https://static.parastorage.com/services/wix-code-classic-editor/1.1279.4140/index.bundle.min.js:49:213933)
    at async Promise.allSettled (index 11)
    at async Object.initializeMap (https://static.parastorage.com/services/wix-code-classic-editor/1.1279.4140/index.bundle.min.js:49:214722)
    at async Object.extend (https://static.parastorage.com/services/wix-code-classic-editor/1.1279.4140/index.bundle.min.js:49:318022) @ https://static.parastorage.com/unpkg/@sentry/browser@6.19.7/build/bundle.min.js:1
[   19085ms] [WARNING] Stylable.process is deprecated, please use stylable.analyze instead @ https://static.parastorage.com/services/wix-thunderbolt-ds/dist/dynamic-imports.d4f815f4.chunk.min.js:0
[   19376ms] [WARNING] "safeParse" is deprecated, please use postcss-safe-parser @ https://static.parastorage.com/services/wix-thunderbolt-ds/dist/dynamic-imports.d4f815f4.chunk.min.js:0
[   19892ms] [WARNING] Using fetchWidgetsStageData(initialAppData, translateFunc) is deprecated
Please initialize call with options @ https://editor.wix.com/_partials/santa-platform-apps-container/1.3078.0/dist/platform-worker.js:0
[   41133ms] [WARNING] Warmup data is onl available on the first page load @ https://23b616c0-fc93-47c4-9fc4-0bc176930a1c.dev.wix-code.com/_partials/wix-thunderbolt-ds/dist/clientWorker.c7082243.bundle.min.js:1
[   41556ms] TypeError: Cannot set properties of undefined (setting 'isInWishlist')
    at Qi.loadData (https://static.parastorage.com/services/wixstores-client-wishlist-button/1.882.0/viewerScript.bundle.min.js:1:94123)
[   41876ms] [WARNING] Container_NoSkin.skin: Warning! meshProps are missing for component id: comp-ly724d1e_r_comp-l81q6lyz_r_comp-lcqcy8bd @ https://static.parastorage.com/services/editor-elements-library/dist/thunderboltPreview/rb_wixui.thunderboltPreview.8ac37e25.bundle.min.js:113
[   42194ms] [WARNING] Container_NoSkin.skin: Warning! meshProps are missing for component id: comp-ly724d1e_r_comp-l81q6lyz_r_comp-lcqcy8bd @ https://static.parastorage.com/services/editor-elements-library/dist/thunderboltPreview/rb_wixui.thunderboltPreview.8ac37e25.bundle.min.js:113
[   43574ms] [WARNING] Using fetchWidgetsStageData(initialAppData, translateFunc) is deprecated
Please initialize call with options @ https://editor.wix.com/_partials/santa-platform-apps-container/1.3078.0/dist/platform-worker.js:0
[   48850ms] [WARNING] Warmup data is onl available on the first page load @ https://23b616c0-fc93-47c4-9fc4-0bc176930a1c.dev.wix-code.com/_partials/wix-thunderbolt-ds/dist/clientWorker.c7082243.bundle.min.js:1
[   48863ms] TypeError: Cannot set properties of undefined (setting 'isInWishlist')
    at Qi.loadData (https://static.parastorage.com/services/wixstores-client-wishlist-button/1.882.0/viewerScript.bundle.min.js:1:94123)
[   69430ms] [WARNING] Warmup data is onl available on the first page load @ https://23b616c0-fc93-47c4-9fc4-0bc176930a1c.dev.wix-code.com/_partials/wix-thunderbolt-ds/dist/clientWorker.c7082243.bundle.min.js:1
[   69925ms] TypeError: Cannot set properties of undefined (setting 'isInWishlist')
    at Qi.loadData (https://static.parastorage.com/services/wixstores-client-wishlist-button/1.882.0/viewerScript.bundle.min.js:1:94123)
[  490826ms] [WARNING] Warmup data is onl available on the first page load @ https://23b616c0-fc93-47c4-9fc4-0bc176930a1c.dev.wix-code.com/_partials/wix-thunderbolt-ds/dist/clientWorker.c7082243.bundle.min.js:1
[  490882ms] TypeError: Cannot set properties of undefined (setting 'isInWishlist')
    at Qi.loadData (https://static.parastorage.com/services/wixstores-client-wishlist-button/1.882.0/viewerScript.bundle.min.js:1:94123)
[  513971ms] [WARNING] Unrecognized feature: 'vr'. @ https://static.parastorage.com/unpkg/react-dom@16.14.0/umd/react-dom.production.min.js:16
[  515209ms] [ERROR] Failed to load resource: the server responded with a status of 404 () @ https://editor.wixapps.net/_api/ecom-cart/v1/carts/current:0
[  515252ms] [WARNING] react-i18next:: It seems you are still using the old wait option, you may migrate to the new useSuspense behaviour. @ https://static.parastorage.com/services/wixstores-client-cart-ooi/1.5994.0/cartEditorMode.bundle.min.js:77
[  896375ms] [ERROR] Failed to load resource: the server responded with a status of 429 () @ https://sentry.wixpress.com/api/86/store/?sentry_key=20b9cdb407dd4026b2a75c903c719554&sentry_version=7:0
[ 1306877ms] [ERROR] Failed to load resource: the server responded with a status of 429 () @ https://sentry.wixpress.com/api/86/store/?sentry_key=20b9cdb407dd4026b2a75c903c719554&sentry_version=7:0
[ 1937092ms] [ERROR] Failed to load resource: the server responded with a status of 404 () @ https://editor.wix.com/_api/wix-code-ide-server-ng/v1/apps/6f0e13d4-3e10-4fda-8f55-a95b6b6cb58c/file?gridAppId=6f0e13d4-3e10-4fda-8f55-a95b6b6cb58c&layout=ONLINE&path=public%2Fpages%2Fmqi5m.js&branchId=00000000-0000-0000-0000-000000000000:0
