[   73168ms] [ERROR] Failed to load resource: the server responded with a status of 404 () @ https://manage.wix.com/_api/wix-user-preferences-webapp/getVolatilePrefForKey/sites-list-client/studio-modal-was-shown:0
[   73299ms] [ERROR] Failed to load resource: the server responded with a status of 404 () @ https://manage.wix.com/_api/wix-user-preferences-webapp/getVolatilePrefForKey/sites-list-client/studio-modal-was-shown:0
[   73460ms] [ERROR] Failed to load resource: the server responded with a status of 404 () @ https://manage.wix.com/_api/wix-user-preferences-webapp/getVolatilePrefForKey/sites-list-client/studio-modal-was-shown:0
[   73641ms] [ERROR] Access to fetch at 'https://sentry.wixpress.com/api/4028/envelope/?sentry_key=794e2f8a4d8d41d6b4b75cad40c5af51&sentry_version=7&sentry_client=sentry.javascript.browser%2F7.120.3' from origin 'https://manage.wix.com' has been blocked by CORS policy: No 'Access-Control-Allow-Origin' header is present on the requested resource. @ https://manage.wix.com/studio/sites:0
[   73641ms] [ERROR] Failed to load resource: net::ERR_FAILED @ https://sentry.wixpress.com/api/4028/envelope/?sentry_key=794e2f8a4d8d41d6b4b75cad40c5af51&sentry_version=7&sentry_client=sentry.javascript.browser%2F7.120.3:0
[   73651ms] [ERROR] Failed to load resource: the server responded with a status of 404 () @ https://manage.wix.com/_api/app-settings-service/v1/accountPreferences/getVolatilePrefForKey/1e54454f-8546-4aae-82fc-b3b16921cb18.cairo/sites_list_sites:0
[   73659ms] [ERROR] Failed to load resource: the server responded with a status of 404 () @ https://manage.wix.com/_api/wix-user-preferences-webapp/getVolatilePrefForKey/sites-list-client/studio-modal-was-shown:0
[   73800ms] [ERROR] Failed to load resource: the server responded with a status of 404 () @ https://manage.wix.com/_api/wix-user-preferences-webapp/getVolatilePrefForKey/experts-resources-ng/join_betas:0
[   73836ms] [ERROR] Failed to load resource: the server responded with a status of 404 () @ https://manage.wix.com/_api/wix-user-preferences-webapp/getVolatilePrefForKey/update-center/lastViewedArticlesDate:0
[   73849ms] [WARNING] Error while loading message draft data from persistence Error: Key was not found in capsule @ https://static.parastorage.com/unpkg/@wix/sentry-browser@7.121.5/dist/statics/sentry-browser.umd.min.js:0
[   73871ms] [ERROR] Failed to load resource: the server responded with a status of 404 () @ https://manage.wix.com/_api/wix-user-preferences-webapp/getVolatilePrefForSite/cairo/1e54454f-8546-4aae-82fc-b3b16921cb18/sites_list_sites.defaultViewId:0
[   73954ms] [ERROR] Failed to load resource: the server responded with a status of 404 () @ https://manage.wix.com/_api/wix-user-preferences-webapp/getVolatilePrefForKey/update-center/lastViewedArticlesDate:0
[   73984ms] [ERROR] Failed to load resource: the server responded with a status of 404 () @ https://manage.wix.com/_api/wix-user-preferences-webapp/getVolatilePrefForKey/experts-resources-ng/join_betas:0
[   73985ms] [ERROR] Failed to load resource: the server responded with a status of 404 () @ https://manage.wix.com/marketplace-provider-state/v1/provider-states:0
[   84454ms] [WARNING] not declared, change metadata.json in santa-editor/infra: @wix/editor-platform-host-integration/ui, PlatformFramePanel @ https://static.parastorage.com/unpkg/@sentry/browser@6.19.7/build/bundle.min.js:1
[   88255ms] [WARNING] Stylable.process is deprecated, please use stylable.analyze instead @ https://static.parastorage.com/services/wix-thunderbolt-ds/dist/dynamic-imports.d4f815f4.chunk.min.js:0
[   89153ms] [WARNING] "safeParse" is deprecated, please use postcss-safe-parser @ https://static.parastorage.com/services/wix-thunderbolt-ds/dist/dynamic-imports.d4f815f4.chunk.min.js:0
[   92597ms] [WARNING] react-i18next:: It seems you are still using the old wait option, you may migrate to the new useSuspense behaviour. @ https://static.parastorage.com/services/form-app/1.2429.0/FormViewerWidgetNoCss.bundle.min.js:3
[  106721ms] [WARNING] editorSDK.document.components.serialize() has been deprecated - please do not use it anymore. For more information, see the API reference. @ https://editor.wix.com/_partials/santa-platform-apps-container/1.3078.0/dist/platform-worker.js:0
[  106723ms] [ERROR] This method will be removed in March 18, 2026 @ https://editor.wix.com/_partials/santa-platform-apps-container/1.3078.0/dist/platform-worker.js:0
[  106723ms] [WARNING] editorSDK.document.components.serialize() has been deprecated - please do not use it anymore. For more information, see the API reference. @ https://editor.wix.com/_partials/santa-platform-apps-container/1.3078.0/dist/platform-worker.js:0
[  106724ms] [ERROR] This method will be removed in March 18, 2026 @ https://editor.wix.com/_partials/santa-platform-apps-container/1.3078.0/dist/platform-worker.js:0
[  106887ms] [WARNING] Using fetchWidgetsStageData(initialAppData, translateFunc) is deprecated
Please initialize call with options @ https://editor.wix.com/_partials/santa-platform-apps-container/1.3078.0/dist/platform-worker.js:0
[  120944ms] [WARNING] [001] potential listener LEAK detected, having 200 listeners already. MOST frequent listener (1): @ https://static.parastorage.com/unpkg/@sentry/browser@6.19.7/build/bundle.min.js:1
[  120944ms] [WARNING] Error
    at h.create (https://static.parastorage.com/services/wix-code-code-editor/1.1823.0/static/js/codeEditor.js:2:875852)
    at Vi._event [as _onDidChangeLanguages] (https://static.parastorage.com/services/wix-code-code-editor/1.1823.0/static/js/codeEditor.js:2:877405)
    at get onDidChange (https://static.parastorage.com/services/wix-code-code-editor/1.1823.0/static/js/codeEditor.js:2:2991762)
    at new At (https://static.parastorage.com/services/wix-code-code-editor/1.1823.0/static/js/codeEditor.js:2:2558427)
    at jn._createModelData (https://static.parastorage.com/services/wix-code-code-editor/1.1823.0/static/js/codeEditor.js:2:3033953)
    at jn.createModel (https://static.parastorage.com/services/wix-code-code-editor/1.1823.0/static/js/codeEditor.js:2:3035044)
    at qr (https://static.parastorage.com/services/wix-code-code-editor/1.1823.0/static/js/codeEditor.js:2:3155677)
    at Kr (https://static.parastorage.com/services/wix-code-code-editor/1.1823.0/static/js/codeEditor.js:2:3155563)
    at Object.Ta [as createModel] (https://static.parastorage.com/services/wix-code-code-editor/1.1823.0/static/js/codeEditor.js:2:3174109)
    at Object.create (https://static.parastorage.com/services/wix-code-code-editor/1.1823.0/static/js/codeEditor.js:2:4630178)
    at Object.create (https://static.parastorage.com/services/wix-code-code-editor/1.1823.0/static/js/codeEditor.js:2:4711952)
    at d (https://static.parastorage.com/services/wix-code-classic-editor/1.1279.4140/index.bundle.min.js:44:103231)
    at https://static.parastorage.com/services/wix-code-classic-editor/1.1279.4140/index.bundle.min.js:44:105855
    at Array.map (<anonymous>)
    at https://static.parastorage.com/services/wix-code-classic-editor/1.1279.4140/index.bundle.min.js:44:105709
    at https://static.parastorage.com/services/wix-code-classic-editor/1.1279.4140/index.bundle.min.js:118:3066
    at dispatch (https://static.parastorage.com/services/wix-code-classic-editor/1.1279.4140/index.bundle.min.js:118:7025)
    at https://static.parastorage.com/services/wix-code-classic-editor/1.1279.4140/index.bundle.min.js:44:108291
    at Object.dispatch (https://static.parastorage.com/services/wix-code-classic-editor/1.1279.4140/index.bundle.min.js:118:3066)
    at https://static.parastorage.com/services/wix-code-classic-editor/1.1279.4140/index.bundle.min.js:44:152408
    at async https://static.parastorage.com/services/wix-code-classic-editor/1.1279.4140/index.bundle.min.js:44:152246
    at async m (https://static.parastorage.com/services/wix-code-classic-editor/1.1279.4140/index.bundle.min.js:49:1238728)
    at async Promise.all (index 1) @ https://static.parastorage.com/unpkg/@sentry/browser@6.19.7/build/bundle.min.js:1
[  121438ms] [ERROR] Failed to load resource: the server responded with a status of 429 () @ https://sentry.wixpress.com/api/86/store/?sentry_key=20b9cdb407dd4026b2a75c903c719554&sentry_version=7:0
[  121489ms] Error: [001] potential listener LEAK detected, having 200 listeners already. MOST frequent listener (1):

Error
    at h.create (https://static.parastorage.com/services/wix-code-code-editor/1.1823.0/static/js/codeEditor.js:2:875852)
    at Vi._event [as _onDidChangeLanguages] (https://static.parastorage.com/services/wix-code-code-editor/1.1823.0/static/js/codeEditor.js:2:877405)
    at get onDidChange (https://static.parastorage.com/services/wix-code-code-editor/1.1823.0/static/js/codeEditor.js:2:2991762)
    at new At (https://static.parastorage.com/services/wix-code-code-editor/1.1823.0/static/js/codeEditor.js:2:2558427)
    at jn._createModelData (https://static.parastorage.com/services/wix-code-code-editor/1.1823.0/static/js/codeEditor.js:2:3033953)
    at jn.createModel (https://static.parastorage.com/services/wix-code-code-editor/1.1823.0/static/js/codeEditor.js:2:3035044)
    at qr (https://static.parastorage.com/services/wix-code-code-editor/1.1823.0/static/js/codeEditor.js:2:3155677)
    at Kr (https://static.parastorage.com/services/wix-code-code-editor/1.1823.0/static/js/codeEditor.js:2:3155563)
    at Object.Ta [as createModel] (https://static.parastorage.com/services/wix-code-code-editor/1.1823.0/static/js/codeEditor.js:2:3174109)
    at Object.create (https://static.parastorage.com/services/wix-code-code-editor/1.1823.0/static/js/codeEditor.js:2:4630178)
    at Object.create (https://static.parastorage.com/services/wix-code-code-editor/1.1823.0/static/js/codeEditor.js:2:4711952)
    at d (https://static.parastorage.com/services/wix-code-classic-editor/1.1279.4140/index.bundle.min.js:44:103231)
    at https://static.parastorage.com/services/wix-code-classic-editor/1.1279.4140/index.bundle.min.js:44:105855
    at Array.map (<anonymous>)
    at https://static.parastorage.com/services/wix-code-classic-editor/1.1279.4140/index.bundle.min.js:44:105709
    at https://static.parastorage.com/services/wix-code-classic-editor/1.1279.4140/index.bundle.min.js:118:3066
    at dispatch (https://static.parastorage.com/services/wix-code-classic-editor/1.1279.4140/index.bundle.min.js:118:7025)
    at https://static.parastorage.com/services/wix-code-classic-editor/1.1279.4140/index.bundle.min.js:44:108291
    at Object.dispatch (https://static.parastorage.com/services/wix-code-classic-editor/1.1279.4140/index.bundle.min.js:118:3066)
    at https://static.parastorage.com/services/wix-code-classic-editor/1.1279.4140/index.bundle.min.js:44:152408
    at async https://static.parastorage.com/services/wix-code-classic-editor/1.1279.4140/index.bundle.min.js:44:152246
    at async m (https://static.parastorage.com/services/wix-code-classic-editor/1.1279.4140/index.bundle.min.js:49:1238728)
    at async Promise.all (index 1)
    at h.create (https://static.parastorage.com/services/wix-code-code-editor/1.1823.0/static/js/codeEditor.js:2:875852)
    at Vi._event [as _onDidChangeLanguages] (https://static.parastorage.com/services/wix-code-code-editor/1.1823.0/static/js/codeEditor.js:2:877405)
    at get onDidChange (https://static.parastorage.com/services/wix-code-code-editor/1.1823.0/static/js/codeEditor.js:2:2991762)
    at new At (https://static.parastorage.com/services/wix-code-code-editor/1.1823.0/static/js/codeEditor.js:2:2558427)
    at jn._createModelData (https://static.parastorage.com/services/wix-code-code-editor/1.1823.0/static/js/codeEditor.js:2:3033953)
    at jn.createModel (https://static.parastorage.com/services/wix-code-code-editor/1.1823.0/static/js/codeEditor.js:2:3035044)
    at qr (https://static.parastorage.com/services/wix-code-code-editor/1.1823.0/static/js/codeEditor.js:2:3155677)
    at Kr (https://static.parastorage.com/services/wix-code-code-editor/1.1823.0/static/js/codeEditor.js:2:3155563)
    at Object.Ta [as createModel] (https://static.parastorage.com/services/wix-code-code-editor/1.1823.0/static/js/codeEditor.js:2:3174109)
    at Object.create (https://static.parastorage.com/services/wix-code-code-editor/1.1823.0/static/js/codeEditor.js:2:4630178)
    at Object.create (https://static.parastorage.com/services/wix-code-code-editor/1.1823.0/static/js/codeEditor.js:2:4711952)
    at d (https://static.parastorage.com/services/wix-code-classic-editor/1.1279.4140/index.bundle.min.js:44:103231)
    at https://static.parastorage.com/services/wix-code-classic-editor/1.1279.4140/index.bundle.min.js:44:105855
    at Array.map (<anonymous>)
    at https://static.parastorage.com/services/wix-code-classic-editor/1.1279.4140/index.bundle.min.js:44:105709
    at https://static.parastorage.com/services/wix-code-classic-editor/1.1279.4140/index.bundle.min.js:118:3066
    at dispatch (https://static.parastorage.com/services/wix-code-classic-editor/1.1279.4140/index.bundle.min.js:118:7025)
    at https://static.parastorage.com/services/wix-code-classic-editor/1.1279.4140/index.bundle.min.js:44:108291
    at Object.dispatch (https://static.parastorage.com/services/wix-code-classic-editor/1.1279.4140/index.bundle.min.js:118:3066)
    at https://static.parastorage.com/services/wix-code-classic-editor/1.1279.4140/index.bundle.min.js:44:152408
    at async https://static.parastorage.com/services/wix-code-classic-editor/1.1279.4140/index.bundle.min.js:44:152246
    at async m (https://static.parastorage.com/services/wix-code-classic-editor/1.1279.4140/index.bundle.min.js:49:1238728)
    at async Promise.all (index 1)
    at https://static.parastorage.com/services/wix-code-code-editor/1.1823.0/static/js/codeEditor.js:2:868783
    at a (https://static.parastorage.com/services/wix-code-classic-editor/1.1279.4140/index.bundle.min.js:1:40930)
[  121896ms] [ERROR] Failed to load resource: the server responded with a status of 404 () @ https://editor.wix.com/_api/wix-code-ide-server-ng/v1/apps/6f0e13d4-3e10-4fda-8f55-a95b6b6cb58c/file?gridAppId=6f0e13d4-3e10-4fda-8f55-a95b6b6cb58c&layout=ONLINE&path=public%2Fpages%2Fueepk.js&branchId=00000000-0000-0000-0000-000000000000:0
[  121897ms] [ERROR] e: Request failed with status code 404
    at DOt (https://static.parastorage.com/services/document-management/1.17316.0/tb-main/dist/tb-main-internal.min.js:158:167255)
    at Ad.handleRequestError (https://static.parastorage.com/services/document-management/1.17316.0/tb-main/dist/tb-main-internal.min.js:158:170848)
    at Ad.request (https://static.parastorage.com/services/document-management/1.17316.0/tb-main/dist/tb-main-internal.min.js:158:169514)
    at async Object.c [as readFile] (https://static.parastorage.com/services/document-management/1.17316.0/tb-main/dist/tb-main-internal.min.js:461:41235)
    at async u (https://static.parastorage.com/services/wix-code-classic-editor/1.1279.4140/index.bundle.min.js:49:213933)
    at async Promise.allSettled (index 0)
    at async Object.initializeMap (https://static.parastorage.com/services/wix-code-classic-editor/1.1279.4140/index.bundle.min.js:49:214722)
    at async Object.extend (https://static.parastorage.com/services/wix-code-classic-editor/1.1279.4140/index.bundle.min.js:49:318022) @ https://static.parastorage.com/unpkg/@sentry/browser@6.19.7/build/bundle.min.js:1
[  121898ms] [ERROR] Failed to load resource: the server responded with a status of 404 () @ https://editor.wix.com/_api/wix-code-ide-server-ng/v1/apps/6f0e13d4-3e10-4fda-8f55-a95b6b6cb58c/file?gridAppId=6f0e13d4-3e10-4fda-8f55-a95b6b6cb58c&layout=ONLINE&path=public%2Fpages%2Fdk9x8.js&branchId=00000000-0000-0000-0000-000000000000:0
[  121898ms] [ERROR] e: Request failed with status code 404
    at DOt (https://static.parastorage.com/services/document-management/1.17316.0/tb-main/dist/tb-main-internal.min.js:158:167255)
    at Ad.handleRequestError (https://static.parastorage.com/services/document-management/1.17316.0/tb-main/dist/tb-main-internal.min.js:158:170848)
    at Ad.request (https://static.parastorage.com/services/document-management/1.17316.0/tb-main/dist/tb-main-internal.min.js:158:169514)
    at async Object.c [as readFile] (https://static.parastorage.com/services/document-management/1.17316.0/tb-main/dist/tb-main-internal.min.js:461:41235)
    at async u (https://static.parastorage.com/services/wix-code-classic-editor/1.1279.4140/index.bundle.min.js:49:213933)
    at async Promise.allSettled (index 5)
    at async Object.initializeMap (https://static.parastorage.com/services/wix-code-classic-editor/1.1279.4140/index.bundle.min.js:49:214722)
    at async Object.extend (https://static.parastorage.com/services/wix-code-classic-editor/1.1279.4140/index.bundle.min.js:49:318022) @ https://static.parastorage.com/unpkg/@sentry/browser@6.19.7/build/bundle.min.js:1
[  121901ms] [ERROR] Failed to load resource: the server responded with a status of 404 () @ https://editor.wix.com/_api/wix-code-ide-server-ng/v1/apps/6f0e13d4-3e10-4fda-8f55-a95b6b6cb58c/file?gridAppId=6f0e13d4-3e10-4fda-8f55-a95b6b6cb58c&layout=ONLINE&path=public%2Fpages%2Fqoc25.js&branchId=00000000-0000-0000-0000-000000000000:0
[  121902ms] [ERROR] e: Request failed with status code 404
    at DOt (https://static.parastorage.com/services/document-management/1.17316.0/tb-main/dist/tb-main-internal.min.js:158:167255)
    at Ad.handleRequestError (https://static.parastorage.com/services/document-management/1.17316.0/tb-main/dist/tb-main-internal.min.js:158:170848)
    at Ad.request (https://static.parastorage.com/services/document-management/1.17316.0/tb-main/dist/tb-main-internal.min.js:158:169514)
    at async Object.c [as readFile] (https://static.parastorage.com/services/document-management/1.17316.0/tb-main/dist/tb-main-internal.min.js:461:41235)
    at async u (https://static.parastorage.com/services/wix-code-classic-editor/1.1279.4140/index.bundle.min.js:49:213933)
    at async Promise.allSettled (index 9)
    at async Object.initializeMap (https://static.parastorage.com/services/wix-code-classic-editor/1.1279.4140/index.bundle.min.js:49:214722)
    at async Object.extend (https://static.parastorage.com/services/wix-code-classic-editor/1.1279.4140/index.bundle.min.js:49:318022) @ https://static.parastorage.com/unpkg/@sentry/browser@6.19.7/build/bundle.min.js:1
[  121902ms] [ERROR] Failed to load resource: the server responded with a status of 404 () @ https://editor.wix.com/_api/wix-code-ide-server-ng/v1/apps/6f0e13d4-3e10-4fda-8f55-a95b6b6cb58c/file?gridAppId=6f0e13d4-3e10-4fda-8f55-a95b6b6cb58c&layout=ONLINE&path=public%2Fpages%2Fc1dmp.js&branchId=00000000-0000-0000-0000-000000000000:0
[  121903ms] [ERROR] e: Request failed with status code 404
    at DOt (https://static.parastorage.com/services/document-management/1.17316.0/tb-main/dist/tb-main-internal.min.js:158:167255)
    at Ad.handleRequestError (https://static.parastorage.com/services/document-management/1.17316.0/tb-main/dist/tb-main-internal.min.js:158:170848)
    at Ad.request (https://static.parastorage.com/services/document-management/1.17316.0/tb-main/dist/tb-main-internal.min.js:158:169514)
    at async Object.c [as readFile] (https://static.parastorage.com/services/document-management/1.17316.0/tb-main/dist/tb-main-internal.min.js:461:41235)
    at async u (https://static.parastorage.com/services/wix-code-classic-editor/1.1279.4140/index.bundle.min.js:49:213933)
    at async Promise.allSettled (index 1)
    at async Object.initializeMap (https://static.parastorage.com/services/wix-code-classic-editor/1.1279.4140/index.bundle.min.js:49:214722)
    at async Object.extend (https://static.parastorage.com/services/wix-code-classic-editor/1.1279.4140/index.bundle.min.js:49:318022) @ https://static.parastorage.com/unpkg/@sentry/browser@6.19.7/build/bundle.min.js:1
[  121903ms] [ERROR] Failed to load resource: the server responded with a status of 404 () @ https://editor.wix.com/_api/wix-code-ide-server-ng/v1/apps/6f0e13d4-3e10-4fda-8f55-a95b6b6cb58c/file?gridAppId=6f0e13d4-3e10-4fda-8f55-a95b6b6cb58c&layout=ONLINE&path=public%2Fpages%2Fve2z7.js&branchId=00000000-0000-0000-0000-000000000000:0
[  121903ms] [ERROR] e: Request failed with status code 404
    at DOt (https://static.parastorage.com/services/document-management/1.17316.0/tb-main/dist/tb-main-internal.min.js:158:167255)
    at Ad.handleRequestError (https://static.parastorage.com/services/document-management/1.17316.0/tb-main/dist/tb-main-internal.min.js:158:170848)
    at Ad.request (https://static.parastorage.com/services/document-management/1.17316.0/tb-main/dist/tb-main-internal.min.js:158:169514)
    at async Object.c [as readFile] (https://static.parastorage.com/services/document-management/1.17316.0/tb-main/dist/tb-main-internal.min.js:461:41235)
    at async u (https://static.parastorage.com/services/wix-code-classic-editor/1.1279.4140/index.bundle.min.js:49:213933)
    at async Promise.allSettled (index 6)
    at async Object.initializeMap (https://static.parastorage.com/services/wix-code-classic-editor/1.1279.4140/index.bundle.min.js:49:214722)
    at async Object.extend (https://static.parastorage.com/services/wix-code-classic-editor/1.1279.4140/index.bundle.min.js:49:318022) @ https://static.parastorage.com/unpkg/@sentry/browser@6.19.7/build/bundle.min.js:1
[  121928ms] [ERROR] dropUncommittedTransaction e: Snapshot was removed by client due to conflict, snapshot correlation id khyhoi6qwoyf-38
    at https://static.parastorage.com/services/document-management/1.17316.0/tb-main/dist/tb-main-internal.min.js:158:197502
    at Array.forEach (<anonymous>)
    at Ra.ue (https://static.parastorage.com/services/document-management/1.17316.0/tb-main/dist/tb-main-internal.min.js:158:197474)
    at Ra.e (https://static.parastorage.com/unpkg/lodash@4.17.21/lodash.min.js:54:178)
    at Ra.emit (https://static.parastorage.com/services/document-management/1.17316.0/tb-main/dist/tb-main-internal.min.js:1:5484)
    at Oge.removeConflicts (https://static.parastorage.com/services/document-management/1.17316.0/tb-main/dist/tb-main-internal.min.js:3:44853)
    at Oge.removeConflictsAndReport (https://static.parastorage.com/services/document-management/1.17316.0/tb-main/dist/tb-main-internal.min.js:3:41711)
    at Oge.removeConflictsReportAndVerify (https://static.parastorage.com/services/document-management/1.17316.0/tb-main/dist/tb-main-internal.min.js:3:42504)
    at https://static.parastorage.com/services/document-management/1.17316.0/tb-main/dist/tb-main-internal.min.js:3:58104
    at https://static.parastorage.com/services/document-management/1.17316.0/tb-main/dist/tb-main-internal.min.js:3:54888
    at https://static.parastorage.com/services/document-management/1.17316.0/tb-main/dist/tb-main-internal.min.js:3:48189
    at Map.forEach (<anonymous>)
    at e.forEach (https://static.parastorage.com/services/document-management/1.17316.0/tb-main/dist/tb-main-internal.min.js:3:48173)
    at Bge.applyFragmentChangesOnDALs (https://static.parastorage.com/services/document-management/1.17316.0/tb-main/dist/tb-main-internal.min.js:3:54814)
    at Bge._rebase (https://static.parastorage.com/services/document-management/1.17316.0/tb-main/dist/tb-main-internal.min.js:3:58066)
    at Bge.rebaseForeignChange (https://static.parastorage.com/services/document-management/1.17316.0/tb-main/dist/tb-main-internal.min.js:3:57720)
    at Ae (https://static.parastorage.com/services/document-management/1.17316.0/tb-main/dist/tb-main-internal.min.js:158:200178)
    at async Me (https://static.parastorage.com/services/document-management/1.17316.0/tb-main/dist/tb-main-internal.min.js:158:201434)
    at async Vo (https://static.parastorage.com/services/document-management/1.17316.0/tb-main/dist/tb-main-internal.min.js:158:204695)
    at async https://static.parastorage.com/services/document-management/1.17316.0/tb-main/dist/tb-main-internal.min.js:158:205743
    at async s (https://static.parastorage.com/services/document-management/1.17316.0/tb-main/dist/tb-main-internal.min.js:158:156869) {appDefinitionId: 14bcded7-0066-7c35-14d7-466cb3f09103} @ https://browser.sentry-cdn.com/4.6.2/bundle.min.js:1
[  121940ms] [ERROR] Failed to load resource: the server responded with a status of 404 () @ https://editor.wix.com/_api/wix-code-ide-server-ng/v1/apps/6f0e13d4-3e10-4fda-8f55-a95b6b6cb58c/file?gridAppId=6f0e13d4-3e10-4fda-8f55-a95b6b6cb58c&layout=ONLINE&path=public%2Fpages%2Fk14wx.js&branchId=00000000-0000-0000-0000-000000000000:0
[  121940ms] [ERROR] e: Request failed with status code 404
    at DOt (https://static.parastorage.com/services/document-management/1.17316.0/tb-main/dist/tb-main-internal.min.js:158:167255)
    at Ad.handleRequestError (https://static.parastorage.com/services/document-management/1.17316.0/tb-main/dist/tb-main-internal.min.js:158:170848)
    at Ad.request (https://static.parastorage.com/services/document-management/1.17316.0/tb-main/dist/tb-main-internal.min.js:158:169514)
    at async Object.c [as readFile] (https://static.parastorage.com/services/document-management/1.17316.0/tb-main/dist/tb-main-internal.min.js:461:41235)
    at async u (https://static.parastorage.com/services/wix-code-classic-editor/1.1279.4140/index.bundle.min.js:49:213933)
    at async Promise.allSettled (index 15)
    at async Object.initializeMap (https://static.parastorage.com/services/wix-code-classic-editor/1.1279.4140/index.bundle.min.js:49:214722)
    at async Object.extend (https://static.parastorage.com/services/wix-code-classic-editor/1.1279.4140/index.bundle.min.js:49:318022) @ https://static.parastorage.com/unpkg/@sentry/browser@6.19.7/build/bundle.min.js:1
[  121940ms] [ERROR] Failed to load resource: the server responded with a status of 404 () @ https://editor.wix.com/_api/wix-code-ide-server-ng/v1/apps/6f0e13d4-3e10-4fda-8f55-a95b6b6cb58c/file?gridAppId=6f0e13d4-3e10-4fda-8f55-a95b6b6cb58c&layout=ONLINE&path=public%2Fpages%2Fgar3e.js&branchId=00000000-0000-0000-0000-000000000000:0
[  121941ms] [ERROR] e: Request failed with status code 404
    at DOt (https://static.parastorage.com/services/document-management/1.17316.0/tb-main/dist/tb-main-internal.min.js:158:167255)
    at Ad.handleRequestError (https://static.parastorage.com/services/document-management/1.17316.0/tb-main/dist/tb-main-internal.min.js:158:170848)
    at Ad.request (https://static.parastorage.com/services/document-management/1.17316.0/tb-main/dist/tb-main-internal.min.js:158:169514)
    at async Object.c [as readFile] (https://static.parastorage.com/services/document-management/1.17316.0/tb-main/dist/tb-main-internal.min.js:461:41235)
    at async u (https://static.parastorage.com/services/wix-code-classic-editor/1.1279.4140/index.bundle.min.js:49:213933)
    at async Promise.allSettled (index 19)
    at async Object.initializeMap (https://static.parastorage.com/services/wix-code-classic-editor/1.1279.4140/index.bundle.min.js:49:214722)
    at async Object.extend (https://static.parastorage.com/services/wix-code-classic-editor/1.1279.4140/index.bundle.min.js:49:318022) @ https://static.parastorage.com/unpkg/@sentry/browser@6.19.7/build/bundle.min.js:1
[  121985ms] [ERROR] Failed to load resource: the server responded with a status of 404 () @ https://editor.wix.com/_api/wix-code-ide-server-ng/v1/apps/6f0e13d4-3e10-4fda-8f55-a95b6b6cb58c/file?gridAppId=6f0e13d4-3e10-4fda-8f55-a95b6b6cb58c&layout=ONLINE&path=public%2Fpages%2Fype8c.js&branchId=00000000-0000-0000-0000-000000000000:0
[  121985ms] [ERROR] e: Request failed with status code 404
    at DOt (https://static.parastorage.com/services/document-management/1.17316.0/tb-main/dist/tb-main-internal.min.js:158:167255)
    at Ad.handleRequestError (https://static.parastorage.com/services/document-management/1.17316.0/tb-main/dist/tb-main-internal.min.js:158:170848)
    at Ad.request (https://static.parastorage.com/services/document-management/1.17316.0/tb-main/dist/tb-main-internal.min.js:158:169514)
    at async Object.c [as readFile] (https://static.parastorage.com/services/document-management/1.17316.0/tb-main/dist/tb-main-internal.min.js:461:41235)
    at async u (https://static.parastorage.com/services/wix-code-classic-editor/1.1279.4140/index.bundle.min.js:49:213933)
    at async Promise.allSettled (index 4)
    at async Object.initializeMap (https://static.parastorage.com/services/wix-code-classic-editor/1.1279.4140/index.bundle.min.js:49:214722)
    at async Object.extend (https://static.parastorage.com/services/wix-code-classic-editor/1.1279.4140/index.bundle.min.js:49:318022) @ https://static.parastorage.com/unpkg/@sentry/browser@6.19.7/build/bundle.min.js:1
[  122029ms] [ERROR] Failed to load resource: the server responded with a status of 404 () @ https://editor.wix.com/_api/wix-code-ide-server-ng/v1/apps/6f0e13d4-3e10-4fda-8f55-a95b6b6cb58c/file?gridAppId=6f0e13d4-3e10-4fda-8f55-a95b6b6cb58c&layout=ONLINE&path=public%2Fpages%2Fevr2j.js&branchId=00000000-0000-0000-0000-000000000000:0
[  122030ms] [ERROR] e: Request failed with status code 404
    at DOt (https://static.parastorage.com/services/document-management/1.17316.0/tb-main/dist/tb-main-internal.min.js:158:167255)
    at Ad.handleRequestError (https://static.parastorage.com/services/document-management/1.17316.0/tb-main/dist/tb-main-internal.min.js:158:170848)
    at Ad.request (https://static.parastorage.com/services/document-management/1.17316.0/tb-main/dist/tb-main-internal.min.js:158:169514)
    at async Object.c [as readFile] (https://static.parastorage.com/services/document-management/1.17316.0/tb-main/dist/tb-main-internal.min.js:461:41235)
    at async u (https://static.parastorage.com/services/wix-code-classic-editor/1.1279.4140/index.bundle.min.js:49:213933)
    at async Promise.allSettled (index 17)
    at async Object.initializeMap (https://static.parastorage.com/services/wix-code-classic-editor/1.1279.4140/index.bundle.min.js:49:214722)
    at async Object.extend (https://static.parastorage.com/services/wix-code-classic-editor/1.1279.4140/index.bundle.min.js:49:318022) @ https://static.parastorage.com/unpkg/@sentry/browser@6.19.7/build/bundle.min.js:1
[  122058ms] [ERROR] Failed to load resource: the server responded with a status of 404 () @ https://editor.wix.com/_api/wix-code-ide-server-ng/v1/apps/6f0e13d4-3e10-4fda-8f55-a95b6b6cb58c/file?gridAppId=6f0e13d4-3e10-4fda-8f55-a95b6b6cb58c&layout=ONLINE&path=public%2Fpages%2Fpsuom.js&branchId=00000000-0000-0000-0000-000000000000:0
[  122058ms] [ERROR] e: Request failed with status code 404
    at DOt (https://static.parastorage.com/services/document-management/1.17316.0/tb-main/dist/tb-main-internal.min.js:158:167255)
    at Ad.handleRequestError (https://static.parastorage.com/services/document-management/1.17316.0/tb-main/dist/tb-main-internal.min.js:158:170848)
    at Ad.request (https://static.parastorage.com/services/document-management/1.17316.0/tb-main/dist/tb-main-internal.min.js:158:169514)
    at async Object.c [as readFile] (https://static.parastorage.com/services/document-management/1.17316.0/tb-main/dist/tb-main-internal.min.js:461:41235)
    at async u (https://static.parastorage.com/services/wix-code-classic-editor/1.1279.4140/index.bundle.min.js:49:213933)
    at async Promise.allSettled (index 13)
    at async Object.initializeMap (https://static.parastorage.com/services/wix-code-classic-editor/1.1279.4140/index.bundle.min.js:49:214722)
    at async Object.extend (https://static.parastorage.com/services/wix-code-classic-editor/1.1279.4140/index.bundle.min.js:49:318022) @ https://static.parastorage.com/unpkg/@sentry/browser@6.19.7/build/bundle.min.js:1
[  122059ms] [ERROR] Failed to load resource: the server responded with a status of 404 () @ https://editor.wix.com/_api/wix-code-ide-server-ng/v1/apps/6f0e13d4-3e10-4fda-8f55-a95b6b6cb58c/file?gridAppId=6f0e13d4-3e10-4fda-8f55-a95b6b6cb58c&layout=ONLINE&path=public%2Fpages%2Fmqi5m.js&branchId=00000000-0000-0000-0000-000000000000:0
[  122059ms] [ERROR] e: Request failed with status code 404
    at DOt (https://static.parastorage.com/services/document-management/1.17316.0/tb-main/dist/tb-main-internal.min.js:158:167255)
    at Ad.handleRequestError (https://static.parastorage.com/services/document-management/1.17316.0/tb-main/dist/tb-main-internal.min.js:158:170848)
    at Ad.request (https://static.parastorage.com/services/document-management/1.17316.0/tb-main/dist/tb-main-internal.min.js:158:169514)
    at async Object.c [as readFile] (https://static.parastorage.com/services/document-management/1.17316.0/tb-main/dist/tb-main-internal.min.js:461:41235)
    at async u (https://static.parastorage.com/services/wix-code-classic-editor/1.1279.4140/index.bundle.min.js:49:213933)
    at async Promise.allSettled (index 12)
    at async Object.initializeMap (https://static.parastorage.com/services/wix-code-classic-editor/1.1279.4140/index.bundle.min.js:49:214722)
    at async Object.extend (https://static.parastorage.com/services/wix-code-classic-editor/1.1279.4140/index.bundle.min.js:49:318022) @ https://static.parastorage.com/unpkg/@sentry/browser@6.19.7/build/bundle.min.js:1
[  122059ms] [ERROR] Failed to load resource: the server responded with a status of 404 () @ https://editor.wix.com/_api/wix-code-ide-server-ng/v1/apps/6f0e13d4-3e10-4fda-8f55-a95b6b6cb58c/file?gridAppId=6f0e13d4-3e10-4fda-8f55-a95b6b6cb58c&layout=ONLINE&path=public%2Fpages%2Fdi5bl.js&branchId=00000000-0000-0000-0000-000000000000:0
[  122059ms] [ERROR] e: Request failed with status code 404
    at DOt (https://static.parastorage.com/services/document-management/1.17316.0/tb-main/dist/tb-main-internal.min.js:158:167255)
    at Ad.handleRequestError (https://static.parastorage.com/services/document-management/1.17316.0/tb-main/dist/tb-main-internal.min.js:158:170848)
    at Ad.request (https://static.parastorage.com/services/document-management/1.17316.0/tb-main/dist/tb-main-internal.min.js:158:169514)
    at async Object.c [as readFile] (https://static.parastorage.com/services/document-management/1.17316.0/tb-main/dist/tb-main-internal.min.js:461:41235)
    at async u (https://static.parastorage.com/services/wix-code-classic-editor/1.1279.4140/index.bundle.min.js:49:213933)
    at async Promise.allSettled (index 10)
    at async Object.initializeMap (https://static.parastorage.com/services/wix-code-classic-editor/1.1279.4140/index.bundle.min.js:49:214722)
    at async Object.extend (https://static.parastorage.com/services/wix-code-classic-editor/1.1279.4140/index.bundle.min.js:49:318022) @ https://static.parastorage.com/unpkg/@sentry/browser@6.19.7/build/bundle.min.js:1
[  122059ms] [ERROR] Failed to load resource: the server responded with a status of 404 () @ https://editor.wix.com/_api/wix-code-ide-server-ng/v1/apps/6f0e13d4-3e10-4fda-8f55-a95b6b6cb58c/file?gridAppId=6f0e13d4-3e10-4fda-8f55-a95b6b6cb58c&layout=ONLINE&path=public%2Fpages%2Fjmwgj.js&branchId=00000000-0000-0000-0000-000000000000:0
[  122059ms] [ERROR] e: Request failed with status code 404
    at DOt (https://static.parastorage.com/services/document-management/1.17316.0/tb-main/dist/tb-main-internal.min.js:158:167255)
    at Ad.handleRequestError (https://static.parastorage.com/services/document-management/1.17316.0/tb-main/dist/tb-main-internal.min.js:158:170848)
    at Ad.request (https://static.parastorage.com/services/document-management/1.17316.0/tb-main/dist/tb-main-internal.min.js:158:169514)
    at async Object.c [as readFile] (https://static.parastorage.com/services/document-management/1.17316.0/tb-main/dist/tb-main-internal.min.js:461:41235)
    at async u (https://static.parastorage.com/services/wix-code-classic-editor/1.1279.4140/index.bundle.min.js:49:213933)
    at async Promise.allSettled (index 7)
    at async Object.initializeMap (https://static.parastorage.com/services/wix-code-classic-editor/1.1279.4140/index.bundle.min.js:49:214722)
    at async Object.extend (https://static.parastorage.com/services/wix-code-classic-editor/1.1279.4140/index.bundle.min.js:49:318022) @ https://static.parastorage.com/unpkg/@sentry/browser@6.19.7/build/bundle.min.js:1
[  122059ms] [ERROR] Failed to load resource: the server responded with a status of 404 () @ https://editor.wix.com/_api/wix-code-ide-server-ng/v1/apps/6f0e13d4-3e10-4fda-8f55-a95b6b6cb58c/file?gridAppId=6f0e13d4-3e10-4fda-8f55-a95b6b6cb58c&layout=ONLINE&path=public%2Fpages%2Fs2c5g.js&branchId=00000000-0000-0000-0000-000000000000:0
[  122059ms] [ERROR] e: Request failed with status code 404
    at DOt (https://static.parastorage.com/services/document-management/1.17316.0/tb-main/dist/tb-main-internal.min.js:158:167255)
    at Ad.handleRequestError (https://static.parastorage.com/services/document-management/1.17316.0/tb-main/dist/tb-main-internal.min.js:158:170848)
    at Ad.request (https://static.parastorage.com/services/document-management/1.17316.0/tb-main/dist/tb-main-internal.min.js:158:169514)
    at async Object.c [as readFile] (https://static.parastorage.com/services/document-management/1.17316.0/tb-main/dist/tb-main-internal.min.js:461:41235)
    at async u (https://static.parastorage.com/services/wix-code-classic-editor/1.1279.4140/index.bundle.min.js:49:213933)
    at async Promise.allSettled (index 14)
    at async Object.initializeMap (https://static.parastorage.com/services/wix-code-classic-editor/1.1279.4140/index.bundle.min.js:49:214722)
    at async Object.extend (https://static.parastorage.com/services/wix-code-classic-editor/1.1279.4140/index.bundle.min.js:49:318022) @ https://static.parastorage.com/unpkg/@sentry/browser@6.19.7/build/bundle.min.js:1
[  122060ms] [ERROR] Failed to load resource: the server responded with a status of 404 () @ https://editor.wix.com/_api/wix-code-ide-server-ng/v1/apps/6f0e13d4-3e10-4fda-8f55-a95b6b6cb58c/file?gridAppId=6f0e13d4-3e10-4fda-8f55-a95b6b6cb58c&layout=ONLINE&path=public%2Fpages%2Fpcvmd.js&branchId=00000000-0000-0000-0000-000000000000:0
[  122060ms] [ERROR] e: Request failed with status code 404
    at DOt (https://static.parastorage.com/services/document-management/1.17316.0/tb-main/dist/tb-main-internal.min.js:158:167255)
    at Ad.handleRequestError (https://static.parastorage.com/services/document-management/1.17316.0/tb-main/dist/tb-main-internal.min.js:158:170848)
    at Ad.request (https://static.parastorage.com/services/document-management/1.17316.0/tb-main/dist/tb-main-internal.min.js:158:169514)
    at async Object.c [as readFile] (https://static.parastorage.com/services/document-management/1.17316.0/tb-main/dist/tb-main-internal.min.js:461:41235)
    at async u (https://static.parastorage.com/services/wix-code-classic-editor/1.1279.4140/index.bundle.min.js:49:213933)
    at async Promise.allSettled (index 3)
    at async Object.initializeMap (https://static.parastorage.com/services/wix-code-classic-editor/1.1279.4140/index.bundle.min.js:49:214722)
    at async Object.extend (https://static.parastorage.com/services/wix-code-classic-editor/1.1279.4140/index.bundle.min.js:49:318022) @ https://static.parastorage.com/unpkg/@sentry/browser@6.19.7/build/bundle.min.js:1
[  122060ms] [ERROR] Failed to load resource: the server responded with a status of 404 () @ https://editor.wix.com/_api/wix-code-ide-server-ng/v1/apps/6f0e13d4-3e10-4fda-8f55-a95b6b6cb58c/file?gridAppId=6f0e13d4-3e10-4fda-8f55-a95b6b6cb58c&layout=ONLINE&path=public%2Fpages%2Fnwjfa.js&branchId=00000000-0000-0000-0000-000000000000:0
[  122060ms] [ERROR] e: Request failed with status code 404
    at DOt (https://static.parastorage.com/services/document-management/1.17316.0/tb-main/dist/tb-main-internal.min.js:158:167255)
    at Ad.handleRequestError (https://static.parastorage.com/services/document-management/1.17316.0/tb-main/dist/tb-main-internal.min.js:158:170848)
    at Ad.request (https://static.parastorage.com/services/document-management/1.17316.0/tb-main/dist/tb-main-internal.min.js:158:169514)
    at async Object.c [as readFile] (https://static.parastorage.com/services/document-management/1.17316.0/tb-main/dist/tb-main-internal.min.js:461:41235)
    at async u (https://static.parastorage.com/services/wix-code-classic-editor/1.1279.4140/index.bundle.min.js:49:213933)
    at async Promise.allSettled (index 18)
    at async Object.initializeMap (https://static.parastorage.com/services/wix-code-classic-editor/1.1279.4140/index.bundle.min.js:49:214722)
    at async Object.extend (https://static.parastorage.com/services/wix-code-classic-editor/1.1279.4140/index.bundle.min.js:49:318022) @ https://static.parastorage.com/unpkg/@sentry/browser@6.19.7/build/bundle.min.js:1
[  122060ms] [ERROR] Failed to load resource: the server responded with a status of 404 () @ https://editor.wix.com/_api/wix-code-ide-server-ng/v1/apps/6f0e13d4-3e10-4fda-8f55-a95b6b6cb58c/file?gridAppId=6f0e13d4-3e10-4fda-8f55-a95b6b6cb58c&layout=ONLINE&path=public%2Fpages%2Fjivmz.js&branchId=00000000-0000-0000-0000-000000000000:0
[  122060ms] [ERROR] e: Request failed with status code 404
    at DOt (https://static.parastorage.com/services/document-management/1.17316.0/tb-main/dist/tb-main-internal.min.js:158:167255)
    at Ad.handleRequestError (https://static.parastorage.com/services/document-management/1.17316.0/tb-main/dist/tb-main-internal.min.js:158:170848)
    at Ad.request (https://static.parastorage.com/services/document-management/1.17316.0/tb-main/dist/tb-main-internal.min.js:158:169514)
    at async Object.c [as readFile] (https://static.parastorage.com/services/document-management/1.17316.0/tb-main/dist/tb-main-internal.min.js:461:41235)
    at async u (https://static.parastorage.com/services/wix-code-classic-editor/1.1279.4140/index.bundle.min.js:49:213933)
    at async Promise.allSettled (index 11)
    at async Object.initializeMap (https://static.parastorage.com/services/wix-code-classic-editor/1.1279.4140/index.bundle.min.js:49:214722)
    at async Object.extend (https://static.parastorage.com/services/wix-code-classic-editor/1.1279.4140/index.bundle.min.js:49:318022) @ https://static.parastorage.com/unpkg/@sentry/browser@6.19.7/build/bundle.min.js:1
[  122060ms] [ERROR] Failed to load resource: the server responded with a status of 404 () @ https://editor.wix.com/_api/wix-code-ide-server-ng/v1/apps/6f0e13d4-3e10-4fda-8f55-a95b6b6cb58c/file?gridAppId=6f0e13d4-3e10-4fda-8f55-a95b6b6cb58c&layout=ONLINE&path=public%2Fpages%2Fz0xvf.js&branchId=00000000-0000-0000-0000-000000000000:0
[  122060ms] [ERROR] e: Request failed with status code 404
    at DOt (https://static.parastorage.com/services/document-management/1.17316.0/tb-main/dist/tb-main-internal.min.js:158:167255)
    at Ad.handleRequestError (https://static.parastorage.com/services/document-management/1.17316.0/tb-main/dist/tb-main-internal.min.js:158:170848)
    at Ad.request (https://static.parastorage.com/services/document-management/1.17316.0/tb-main/dist/tb-main-internal.min.js:158:169514)
    at async Object.c [as readFile] (https://static.parastorage.com/services/document-management/1.17316.0/tb-main/dist/tb-main-internal.min.js:461:41235)
    at async u (https://static.parastorage.com/services/wix-code-classic-editor/1.1279.4140/index.bundle.min.js:49:213933)
    at async Promise.allSettled (index 16)
    at async Object.initializeMap (https://static.parastorage.com/services/wix-code-classic-editor/1.1279.4140/index.bundle.min.js:49:214722)
    at async Object.extend (https://static.parastorage.com/services/wix-code-classic-editor/1.1279.4140/index.bundle.min.js:49:318022) @ https://static.parastorage.com/unpkg/@sentry/browser@6.19.7/build/bundle.min.js:1
[  122104ms] [ERROR] Failed to load resource: the server responded with a status of 429 () @ https://sentry.wixpress.com/api/86/store/?sentry_key=20b9cdb407dd4026b2a75c903c719554&sentry_version=7:0
[  122104ms] [ERROR] Failed to load resource: the server responded with a status of 404 () @ https://editor.wix.com/_api/wix-code-ide-server-ng/v1/apps/6f0e13d4-3e10-4fda-8f55-a95b6b6cb58c/file?gridAppId=6f0e13d4-3e10-4fda-8f55-a95b6b6cb58c&layout=ONLINE&path=public%2Fpages%2Ff00pg.js&branchId=00000000-0000-0000-0000-000000000000:0
[  122104ms] [ERROR] e: Request failed with status code 404
    at DOt (https://static.parastorage.com/services/document-management/1.17316.0/tb-main/dist/tb-main-internal.min.js:158:167255)
    at Ad.handleRequestError (https://static.parastorage.com/services/document-management/1.17316.0/tb-main/dist/tb-main-internal.min.js:158:170848)
    at Ad.request (https://static.parastorage.com/services/document-management/1.17316.0/tb-main/dist/tb-main-internal.min.js:158:169514)
    at async Object.c [as readFile] (https://static.parastorage.com/services/document-management/1.17316.0/tb-main/dist/tb-main-internal.min.js:461:41235)
    at async u (https://static.parastorage.com/services/wix-code-classic-editor/1.1279.4140/index.bundle.min.js:49:213933)
    at async Promise.allSettled (index 8)
    at async Object.initializeMap (https://static.parastorage.com/services/wix-code-classic-editor/1.1279.4140/index.bundle.min.js:49:214722)
    at async Object.extend (https://static.parastorage.com/services/wix-code-classic-editor/1.1279.4140/index.bundle.min.js:49:318022) @ https://static.parastorage.com/unpkg/@sentry/browser@6.19.7/build/bundle.min.js:1
[  123442ms] [ERROR] {message: editorReady: Syncing plugins with menu items, options: Object} @ https://editor.wix.com/_partials/santa-platform-apps-container/1.3078.0/dist/platform-worker.js:0
[  123804ms] [ERROR] dropUncommittedTransaction e: Snapshot was removed by client due to conflict, snapshot correlation id khyhoi6qwoyf-48
    at https://static.parastorage.com/services/document-management/1.17316.0/tb-main/dist/tb-main-internal.min.js:158:197502
    at Array.forEach (<anonymous>)
    at Ra.ue (https://static.parastorage.com/services/document-management/1.17316.0/tb-main/dist/tb-main-internal.min.js:158:197474)
    at Ra.e (https://static.parastorage.com/unpkg/lodash@4.17.21/lodash.min.js:54:178)
    at Ra.emit (https://static.parastorage.com/services/document-management/1.17316.0/tb-main/dist/tb-main-internal.min.js:1:5484)
    at Oge.removeConflicts (https://static.parastorage.com/services/document-management/1.17316.0/tb-main/dist/tb-main-internal.min.js:3:44853)
    at Oge.removeConflictsAndReport (https://static.parastorage.com/services/document-management/1.17316.0/tb-main/dist/tb-main-internal.min.js:3:41711)
    at Oge.removeConflictsReportAndVerify (https://static.parastorage.com/services/document-management/1.17316.0/tb-main/dist/tb-main-internal.min.js:3:42504)
    at https://static.parastorage.com/services/document-management/1.17316.0/tb-main/dist/tb-main-internal.min.js:3:58104
    at https://static.parastorage.com/services/document-management/1.17316.0/tb-main/dist/tb-main-internal.min.js:3:54888
    at https://static.parastorage.com/services/document-management/1.17316.0/tb-main/dist/tb-main-internal.min.js:3:48189
    at Map.forEach (<anonymous>)
    at e.forEach (https://static.parastorage.com/services/document-management/1.17316.0/tb-main/dist/tb-main-internal.min.js:3:48173)
    at Bge.applyFragmentChangesOnDALs (https://static.parastorage.com/services/document-management/1.17316.0/tb-main/dist/tb-main-internal.min.js:3:54814)
    at Bge._rebase (https://static.parastorage.com/services/document-management/1.17316.0/tb-main/dist/tb-main-internal.min.js:3:58066)
    at Bge.rebaseForeignChange (https://static.parastorage.com/services/document-management/1.17316.0/tb-main/dist/tb-main-internal.min.js:3:57720)
    at Ae (https://static.parastorage.com/services/document-management/1.17316.0/tb-main/dist/tb-main-internal.min.js:158:200178)
    at async Me (https://static.parastorage.com/services/document-management/1.17316.0/tb-main/dist/tb-main-internal.min.js:158:201434)
    at async Vo (https://static.parastorage.com/services/document-management/1.17316.0/tb-main/dist/tb-main-internal.min.js:158:204695)
    at async https://static.parastorage.com/services/document-management/1.17316.0/tb-main/dist/tb-main-internal.min.js:158:205743
    at async s (https://static.parastorage.com/services/document-management/1.17316.0/tb-main/dist/tb-main-internal.min.js:158:156869) {appDefinitionId: 14cc59bc-f0b7-15b8-e1c7-89ce41d0e0c9} @ https://browser.sentry-cdn.com/4.6.2/bundle.min.js:1
[  123820ms] [ERROR] MA Editor Ready error:  {type: e, message: Snapshot was removed by client due to conflict, snapshot correlation id khyhoi6qwoyf-48, stack: Error: Snapshot was removed by client due to confl…/tb-main/dist/tb-main-internal.min.js:158:156869)} @ https://editor.wix.com/_partials/santa-platform-apps-container/1.3078.0/dist/platform-worker.js:0
[  128117ms] [WARNING] Stylable.process is deprecated, please use stylable.analyze instead @ https://static.parastorage.com/services/wix-thunderbolt-ds/dist/dynamic-imports.d4f815f4.chunk.min.js:0
[  129027ms] [WARNING] "safeParse" is deprecated, please use postcss-safe-parser @ https://static.parastorage.com/services/wix-thunderbolt-ds/dist/dynamic-imports.d4f815f4.chunk.min.js:0
[  129509ms] [ERROR] Failed to load resource: the server responded with a status of 429 () @ https://sentry.wixpress.com/api/86/store/?sentry_key=20b9cdb407dd4026b2a75c903c719554&sentry_version=7:0
[  143580ms] [WARNING] react-i18next:: It seems you are still using the old wait option, you may migrate to the new useSuspense behaviour. @ https://browser.sentry-cdn.com/4.6.2/bundle.min.js:1
[  146773ms] [ERROR] Failed to load resource: the server responded with a status of 404 () @ https://editor.wix.com/v1/bulk/report-exposures:0
[  188254ms] [ERROR] TypeError: Cannot read properties of null (reading 'type')
    at Object.h [as getComponent] (https://static.parastorage.com/services/document-management/1.17316.0/tb-main/dist/tb-main-internal.min.js:158:137980)
    at Object.cRr [as getByComponentAndType] (https://static.parastorage.com/services/document-management/1.17316.0/tb-main/dist/tb-main-internal.min.js:463:59109)
    at VTi (https://static.parastorage.com/services/document-management/1.17316.0/tb-main/dist/tb-main-internal.min.js:463:106637)
    at Object.jTi [as method] (https://static.parastorage.com/services/document-management/1.17316.0/tb-main/dist/tb-main-internal.min.js:463:106921)
    at Object.<anonymous> (https://static.parastorage.com/services/document-management/1.17316.0/tb-main/dist/tb-main-internal.min.js:492:387788)
    at Object.d [as executeDocumentPointerAPI] (https://static.parastorage.com/services/responsive-editor-packages/1.18307.0/responsive-editor-packages.bundle.min.js:535:218885)
    at C (https://static.parastorage.com/services/responsive-editor-packages/1.18307.0/responsive-editor-packages.bundle.min.js:363:261016)
    at Object.S [as getBreakpoints] (https://static.parastorage.com/services/responsive-editor-packages/1.18307.0/responsive-editor-packages.bundle.min.js:363:261335)
    at b (https://static.parastorage.com/services/responsive-editor-packages/1.18307.0/responsive-editor-packages.bundle.min.js:363:257022)
    at r (https://static.parastorage.com/unpkg/lodash@4.17.21/lodash.min.js:89:248)
    at https://static.parastorage.com/services/responsive-editor-packages/1.18307.0/responsive-editor-packages.bundle.min.js:487:209538
    at A (https://static.parastorage.com/services/responsive-editor-packages/1.18307.0/responsive-editor-packages.bundle.min.js:363:247748)
    at https://static.parastorage.com/services/responsive-editor-packages/1.18307.0/responsive-editor-packages.bundle.min.js:363:248730
    at r (https://static.parastorage.com/unpkg/lodash@4.17.21/lodash.min.js:89:183)
    at https://static.parastorage.com/services/responsive-editor-packages/1.18307.0/responsive-editor-packages.bundle.min.js:487:209538
    at Object.L [as getCurrentBreakpointId] (https://static.parastorage.com/services/responsive-editor-packages/1.18307.0/responsive-editor-packages.bundle.min.js:363:248752)
    at T (https://static.parastorage.com/services/responsive-editor-packages/1.18307.0/responsive-editor-packages.bundle.min.js:423:52213)
    at Object.getCurrentBreakpointId (https://static.parastorage.com/services/responsive-editor-packages/1.18307.0/responsive-editor-packages.bundle.min.js:423:52756)
    at Object.getState (https://static.parastorage.com/services/responsive-editor-packages/1.18307.0/responsive-editor-packages.bundle.min.js:423:66953)
    at i (https://static.parastorage.com/services/responsive-editor-packages/1.18307.0/responsive-editor-packages.bundle.min.js:391:252348)
    at https://static.parastorage.com/services/responsive-editor-packages/1.18307.0/responsive-editor-packages.bundle.min.js:391:252458
    at Array.forEach (<anonymous>)
    at Object.notifyStateChange (https://static.parastorage.com/services/responsive-editor-packages/1.18307.0/responsive-editor-packages.bundle.min.js:391:252417)
    at Object.contribution (https://static.parastorage.com/services/responsive-editor-packages/1.18307.0/responsive-editor-packages.bundle.min.js:391:253413)
    at https://static.parastorage.com/unpkg/repluggable@1.302.80/dist/statics/repluggable.bundle.min.js:1:12198
    at Array.forEach (<anonymous>)
    at T (https://static.parastorage.com/unpkg/repluggable@1.302.80/dist/statics/repluggable.bundle.min.js:1:12179)
    at eJ (https://static.parastorage.com/services/responsive-editor-packages/1.18307.0/responsive-editor-packages.bundle.min.js:487:208686)
    at tl (https://static.parastorage.com/services/responsive-editor-packages/1.18307.0/responsive-editor-packages.bundle.min.js:487:210420)
    at https://static.parastorage.com/services/responsive-editor-packages/1.18307.0/responsive-editor-packages.bundle.min.js:487:210749
    at https://static.parastorage.com/services/document-management/1.17316.0/tb-main/dist/tb-main-internal.min.js:524:99423
    at r (https://static.parastorage.com/unpkg/lodash@4.17.21/lodash.min.js:9:347)
    at Z._f (https://static.parastorage.com/unpkg/lodash@4.17.21/lodash.min.js:84:352)
    at $2.execute (https://static.parastorage.com/services/document-management/1.17316.0/tb-main/dist/tb-main-internal.min.js:524:99397)
    at AYe.invokeSiteUpdatedCbs (https://static.parastorage.com/services/document-management/1.17316.0/tb-main/dist/tb-main-internal.min.js:524:104075)
    at AYe.triggerSiteUpdated (https://static.parastorage.com/services/document-management/1.17316.0/tb-main/dist/tb-main-internal.min.js:524:108433)
    at https://static.parastorage.com/services/wix-thunderbolt-ds/dist/dynamic-imports.d4f815f4.chunk.min.js:146:81856
    at https://static.parastorage.com/services/wix-thunderbolt-ds/dist/dynamic-imports.d4f815f4.chunk.min.js:146:88086
    at Map.forEach (<anonymous>)
    at Object.notify (https://static.parastorage.com/services/wix-thunderbolt-ds/dist/dynamic-imports.d4f815f4.chunk.min.js:146:88049)
    at e (https://static.parastorage.com/services/wix-thunderbolt-ds/dist/dynamic-imports.d4f815f4.chunk.min.js:146:88402)
    at https://static.parastorage.com/services/wix-thunderbolt-ds/dist/dynamic-imports.d4f815f4.chunk.min.js:146:88490
    at sentryWrapped (https://browser.sentry-cdn.com/4.6.2/bundle.min.js:2:57176) @ https://static.parastorage.com/unpkg/@sentry/browser@6.19.7/build/bundle.min.js:1
[  741953ms] [ERROR] Failed to load resource: the server responded with a status of 429 () @ https://sentry.wixpress.com/api/86/store/?sentry_key=20b9cdb407dd4026b2a75c903c719554&sentry_version=7:0
[  742436ms] [ERROR] Failed to load resource: the server responded with a status of 429 () @ https://sentry.wixpress.com/api/86/store/?sentry_key=20b9cdb407dd4026b2a75c903c719554&sentry_version=7:0
[  744359ms] [ERROR] Failed to load resource: the server responded with a status of 429 () @ https://sentry.wixpress.com/api/86/store/?sentry_key=20b9cdb407dd4026b2a75c903c719554&sentry_version=7:0
[  744520ms] [ERROR] Failed to load resource: the server responded with a status of 429 () @ https://sentry.wixpress.com/api/86/store/?sentry_key=20b9cdb407dd4026b2a75c903c719554&sentry_version=7:0
[  744520ms] [ERROR] Failed to load resource: the server responded with a status of 429 () @ https://sentry.wixpress.com/api/86/store/?sentry_key=20b9cdb407dd4026b2a75c903c719554&sentry_version=7:0
[  779019ms] [ERROR] Failed to load resource: the server responded with a status of 429 () @ https://sentry.wixpress.com/api/86/store/?sentry_key=20b9cdb407dd4026b2a75c903c719554&sentry_version=7:0
[  946359ms] [WARNING] Cannot parse rows/cols template for value "minmax(0px,". Only px values allowed. @ https://static.parastorage.com/unpkg/@sentry/browser@6.19.7/build/bundle.min.js:1
[  946360ms] [WARNING] Cannot parse rows/cols template for value "minmax(499.984px,". Only px values allowed. @ https://static.parastorage.com/unpkg/@sentry/browser@6.19.7/build/bundle.min.js:1
[  946360ms] [WARNING] Cannot parse rows/cols template for value "auto)". Only px values allowed. @ https://static.parastorage.com/unpkg/@sentry/browser@6.19.7/build/bundle.min.js:1
[  946365ms] [WARNING] Cannot parse rows/cols template for value "minmax(0px,". Only px values allowed. @ https://static.parastorage.com/unpkg/@sentry/browser@6.19.7/build/bundle.min.js:1
[  946365ms] [WARNING] Cannot parse rows/cols template for value "minmax(499.984px,". Only px values allowed. @ https://static.parastorage.com/unpkg/@sentry/browser@6.19.7/build/bundle.min.js:1
[  946365ms] [WARNING] Cannot parse rows/cols template for value "auto)". Only px values allowed. @ https://static.parastorage.com/unpkg/@sentry/browser@6.19.7/build/bundle.min.js:1
[  946366ms] [WARNING] Cannot parse rows/cols template for value "minmax(0px,". Only px values allowed. @ https://static.parastorage.com/unpkg/@sentry/browser@6.19.7/build/bundle.min.js:1
[  946366ms] [WARNING] Cannot parse rows/cols template for value "minmax(499.984px,". Only px values allowed. @ https://static.parastorage.com/unpkg/@sentry/browser@6.19.7/build/bundle.min.js:1
[  946366ms] [WARNING] Cannot parse rows/cols template for value "auto)". Only px values allowed. @ https://static.parastorage.com/unpkg/@sentry/browser@6.19.7/build/bundle.min.js:1
[  946366ms] [WARNING] Cannot parse rows/cols template for value "minmax(0px,". Only px values allowed. @ https://static.parastorage.com/unpkg/@sentry/browser@6.19.7/build/bundle.min.js:1
[  946366ms] [WARNING] Cannot parse rows/cols template for value "minmax(499.984px,". Only px values allowed. @ https://static.parastorage.com/unpkg/@sentry/browser@6.19.7/build/bundle.min.js:1
[  946367ms] [WARNING] Cannot parse rows/cols template for value "auto)". Only px values allowed. @ https://static.parastorage.com/unpkg/@sentry/browser@6.19.7/build/bundle.min.js:1
[  946367ms] [WARNING] Cannot parse rows/cols template for value "minmax(0px,". Only px values allowed. @ https://static.parastorage.com/unpkg/@sentry/browser@6.19.7/build/bundle.min.js:1
[  946367ms] [WARNING] Cannot parse rows/cols template for value "minmax(499.984px,". Only px values allowed. @ https://static.parastorage.com/unpkg/@sentry/browser@6.19.7/build/bundle.min.js:1
[  946367ms] [WARNING] Cannot parse rows/cols template for value "auto)". Only px values allowed. @ https://static.parastorage.com/unpkg/@sentry/browser@6.19.7/build/bundle.min.js:1
[  946379ms] [WARNING] Cannot parse rows/cols template for value "minmax(0px,". Only px values allowed. @ https://static.parastorage.com/unpkg/@sentry/browser@6.19.7/build/bundle.min.js:1
[  946379ms] [WARNING] Cannot parse rows/cols template for value "minmax(499.984px,". Only px values allowed. @ https://static.parastorage.com/unpkg/@sentry/browser@6.19.7/build/bundle.min.js:1
[  946379ms] [WARNING] Cannot parse rows/cols template for value "auto)". Only px values allowed. @ https://static.parastorage.com/unpkg/@sentry/browser@6.19.7/build/bundle.min.js:1
[  946499ms] [WARNING] Cannot parse rows/cols template for value "minmax(0px,". Only px values allowed. @ https://static.parastorage.com/unpkg/@sentry/browser@6.19.7/build/bundle.min.js:1
[  946499ms] [WARNING] Cannot parse rows/cols template for value "minmax(499.984px,". Only px values allowed. @ https://static.parastorage.com/unpkg/@sentry/browser@6.19.7/build/bundle.min.js:1
[  946499ms] [WARNING] Cannot parse rows/cols template for value "auto)". Only px values allowed. @ https://static.parastorage.com/unpkg/@sentry/browser@6.19.7/build/bundle.min.js:1
[  946664ms] [WARNING] Cannot parse rows/cols template for value "minmax(0px,". Only px values allowed. @ https://static.parastorage.com/unpkg/@sentry/browser@6.19.7/build/bundle.min.js:1
[  946664ms] [WARNING] Cannot parse rows/cols template for value "minmax(499.984px,". Only px values allowed. @ https://static.parastorage.com/unpkg/@sentry/browser@6.19.7/build/bundle.min.js:1
[  946664ms] [WARNING] Cannot parse rows/cols template for value "auto)". Only px values allowed. @ https://static.parastorage.com/unpkg/@sentry/browser@6.19.7/build/bundle.min.js:1
[  946665ms] [WARNING] Cannot parse rows/cols template for value "minmax(0px,". Only px values allowed. @ https://static.parastorage.com/unpkg/@sentry/browser@6.19.7/build/bundle.min.js:1
[  946665ms] [WARNING] Cannot parse rows/cols template for value "minmax(499.984px,". Only px values allowed. @ https://static.parastorage.com/unpkg/@sentry/browser@6.19.7/build/bundle.min.js:1
[  946665ms] [WARNING] Cannot parse rows/cols template for value "auto)". Only px values allowed. @ https://static.parastorage.com/unpkg/@sentry/browser@6.19.7/build/bundle.min.js:1
[  946735ms] [WARNING] Cannot parse rows/cols template for value "minmax(0px,". Only px values allowed. @ https://static.parastorage.com/unpkg/@sentry/browser@6.19.7/build/bundle.min.js:1
[  946736ms] [WARNING] Cannot parse rows/cols template for value "minmax(499.984px,". Only px values allowed. @ https://static.parastorage.com/unpkg/@sentry/browser@6.19.7/build/bundle.min.js:1
[  946736ms] [WARNING] Cannot parse rows/cols template for value "auto)". Only px values allowed. @ https://static.parastorage.com/unpkg/@sentry/browser@6.19.7/build/bundle.min.js:1
[  946737ms] [WARNING] Cannot parse rows/cols template for value "minmax(0px,". Only px values allowed. @ https://static.parastorage.com/unpkg/@sentry/browser@6.19.7/build/bundle.min.js:1
[  946737ms] [WARNING] Cannot parse rows/cols template for value "minmax(499.984px,". Only px values allowed. @ https://static.parastorage.com/unpkg/@sentry/browser@6.19.7/build/bundle.min.js:1
[  946737ms] [WARNING] Cannot parse rows/cols template for value "auto)". Only px values allowed. @ https://static.parastorage.com/unpkg/@sentry/browser@6.19.7/build/bundle.min.js:1
[  946862ms] [WARNING] Cannot parse rows/cols template for value "minmax(0px,". Only px values allowed. @ https://static.parastorage.com/unpkg/@sentry/browser@6.19.7/build/bundle.min.js:1
[  946862ms] [WARNING] Cannot parse rows/cols template for value "minmax(499.984px,". Only px values allowed. @ https://static.parastorage.com/unpkg/@sentry/browser@6.19.7/build/bundle.min.js:1
[  946862ms] [WARNING] Cannot parse rows/cols template for value "auto)". Only px values allowed. @ https://static.parastorage.com/unpkg/@sentry/browser@6.19.7/build/bundle.min.js:1
[  946863ms] [WARNING] Cannot parse rows/cols template for value "minmax(0px,". Only px values allowed. @ https://static.parastorage.com/unpkg/@sentry/browser@6.19.7/build/bundle.min.js:1
[  946863ms] [WARNING] Cannot parse rows/cols template for value "minmax(499.984px,". Only px values allowed. @ https://static.parastorage.com/unpkg/@sentry/browser@6.19.7/build/bundle.min.js:1
[  946864ms] [WARNING] Cannot parse rows/cols template for value "auto)". Only px values allowed. @ https://static.parastorage.com/unpkg/@sentry/browser@6.19.7/build/bundle.min.js:1
[  955426ms] [WARNING] Cannot parse rows/cols template for value "minmax(0px,". Only px values allowed. @ https://static.parastorage.com/unpkg/@sentry/browser@6.19.7/build/bundle.min.js:1
[  955426ms] [WARNING] Cannot parse rows/cols template for value "minmax(499.984px,". Only px values allowed. @ https://static.parastorage.com/unpkg/@sentry/browser@6.19.7/build/bundle.min.js:1
[  955427ms] [WARNING] Cannot parse rows/cols template for value "auto)". Only px values allowed. @ https://static.parastorage.com/unpkg/@sentry/browser@6.19.7/build/bundle.min.js:1
[  955433ms] [WARNING] Cannot parse rows/cols template for value "minmax(0px,". Only px values allowed. @ https://static.parastorage.com/unpkg/@sentry/browser@6.19.7/build/bundle.min.js:1
[  955433ms] [WARNING] Cannot parse rows/cols template for value "minmax(499.984px,". Only px values allowed. @ https://static.parastorage.com/unpkg/@sentry/browser@6.19.7/build/bundle.min.js:1
[  955433ms] [WARNING] Cannot parse rows/cols template for value "auto)". Only px values allowed. @ https://static.parastorage.com/unpkg/@sentry/browser@6.19.7/build/bundle.min.js:1
[  976901ms] [WARNING] Cannot parse rows/cols template for value "minmax(0px,". Only px values allowed. @ https://static.parastorage.com/unpkg/@sentry/browser@6.19.7/build/bundle.min.js:1
[  976902ms] [WARNING] Cannot parse rows/cols template for value "minmax(499.984px,". Only px values allowed. @ https://static.parastorage.com/unpkg/@sentry/browser@6.19.7/build/bundle.min.js:1
[  976902ms] [WARNING] Cannot parse rows/cols template for value "auto)". Only px values allowed. @ https://static.parastorage.com/unpkg/@sentry/browser@6.19.7/build/bundle.min.js:1
[  976910ms] [WARNING] Cannot parse rows/cols template for value "minmax(0px,". Only px values allowed. @ https://static.parastorage.com/unpkg/@sentry/browser@6.19.7/build/bundle.min.js:1
[  976910ms] [WARNING] Cannot parse rows/cols template for value "minmax(499.984px,". Only px values allowed. @ https://static.parastorage.com/unpkg/@sentry/browser@6.19.7/build/bundle.min.js:1
[  976911ms] [WARNING] Cannot parse rows/cols template for value "auto)". Only px values allowed. @ https://static.parastorage.com/unpkg/@sentry/browser@6.19.7/build/bundle.min.js:1
[ 1019073ms] [WARNING] Cannot parse rows/cols template for value "minmax(0px,". Only px values allowed. @ https://static.parastorage.com/unpkg/@sentry/browser@6.19.7/build/bundle.min.js:1
[ 1019074ms] [WARNING] Cannot parse rows/cols template for value "minmax(499.984px,". Only px values allowed. @ https://static.parastorage.com/unpkg/@sentry/browser@6.19.7/build/bundle.min.js:1
[ 1019074ms] [WARNING] Cannot parse rows/cols template for value "auto)". Only px values allowed. @ https://static.parastorage.com/unpkg/@sentry/browser@6.19.7/build/bundle.min.js:1
[ 1019082ms] [WARNING] Cannot parse rows/cols template for value "minmax(0px,". Only px values allowed. @ https://static.parastorage.com/unpkg/@sentry/browser@6.19.7/build/bundle.min.js:1
[ 1019082ms] [WARNING] Cannot parse rows/cols template for value "minmax(499.984px,". Only px values allowed. @ https://static.parastorage.com/unpkg/@sentry/browser@6.19.7/build/bundle.min.js:1
[ 1019082ms] [WARNING] Cannot parse rows/cols template for value "auto)". Only px values allowed. @ https://static.parastorage.com/unpkg/@sentry/browser@6.19.7/build/bundle.min.js:1
[ 1224074ms] [ERROR] Failed to load resource: the server responded with a status of 404 () @ https://editor.wix.com/v1/bulk/report-exposures:0
[ 1383261ms] [WARNING] PayloadNotCreated {$ep: MOUSE_API} @ https://static.parastorage.com/unpkg/@sentry/browser@6.19.7/build/bundle.min.js:1
[ 1383852ms] Uncaught (in promise) TypeError: Cannot destructure property 'appDefinitionId' of 'i' as it is null.
    at <anonymous> (https://static.parastorage.com/services/wixstores-client-wishlist-button/1.882.0/editorScript.bundle.min.js:0:133296)
[ 1444708ms] [WARNING] PayloadNotCreated {$ep: MOUSE_API} @ https://static.parastorage.com/unpkg/@sentry/browser@6.19.7/build/bundle.min.js:1
[ 1610950ms] [ERROR] Failed to load resource: the server responded with a status of 404 () @ https://editor.wix.com/v1/bulk/report-exposures:0
[ 1635556ms] [ERROR] Failed to load resource: the server responded with a status of 404 () @ https://editor.wix.com/v1/bulk/report-exposures:0
[ 1659698ms] [WARNING] PayloadNotCreated {$ep: MOUSE_API} @ https://static.parastorage.com/unpkg/@sentry/browser@6.19.7/build/bundle.min.js:1
[ 1704182ms] [WARNING] PayloadNotCreated {$ep: MOUSE_API} @ https://static.parastorage.com/unpkg/@sentry/browser@6.19.7/build/bundle.min.js:1
[ 1738649ms] [WARNING] PayloadNotCreated {$ep: MOUSE_API} @ https://static.parastorage.com/unpkg/@sentry/browser@6.19.7/build/bundle.min.js:1
[ 1764677ms] [ERROR] Failed to load resource: the server responded with a status of 404 () @ https://editor.wix.com/v1/bulk/report-exposures:0
[ 1775541ms] [WARNING] PayloadNotCreated {$ep: MOUSE_API} @ https://static.parastorage.com/unpkg/@sentry/browser@6.19.7/build/bundle.min.js:1
[ 1805008ms] [WARNING] PayloadNotCreated {$ep: MOUSE_API} @ https://static.parastorage.com/unpkg/@sentry/browser@6.19.7/build/bundle.min.js:1
[ 1807520ms] [ERROR] Failed to load resource: the server responded with a status of 404 () @ https://editor.wix.com/v1/bulk/report-exposures:0
[ 1831603ms] [ERROR] Failed to load resource: the server responded with a status of 429 () @ https://sentry.wixpress.com/api/86/store/?sentry_key=20b9cdb407dd4026b2a75c903c719554&sentry_version=7:0
[ 1847562ms] [WARNING] PayloadNotCreated {$ep: MOUSE_API} @ https://static.parastorage.com/unpkg/@sentry/browser@6.19.7/build/bundle.min.js:1
[ 1880766ms] [WARNING] PayloadNotCreated {$ep: MOUSE_API} @ https://static.parastorage.com/unpkg/@sentry/browser@6.19.7/build/bundle.min.js:1
[ 1913760ms] [WARNING] PayloadNotCreated {$ep: MOUSE_API} @ https://static.parastorage.com/unpkg/@sentry/browser@6.19.7/build/bundle.min.js:1
[ 1945832ms] [WARNING] PayloadNotCreated {$ep: MOUSE_API} @ https://static.parastorage.com/unpkg/@sentry/browser@6.19.7/build/bundle.min.js:1
[ 1946312ms] Uncaught (in promise) TypeError: Cannot destructure property 'appDefinitionId' of 'i' as it is null.
    at <anonymous> (https://static.parastorage.com/services/wixstores-client-wishlist-button/1.882.0/editorScript.bundle.min.js:0:133296)
[ 1976060ms] [WARNING] PayloadNotCreated {$ep: MOUSE_API} @ https://static.parastorage.com/unpkg/@sentry/browser@6.19.7/build/bundle.min.js:1
[ 2013188ms] [ERROR] Failed to load resource: the server responded with a status of 404 () @ https://editor.wix.com/v1/bulk/report-exposures:0
[ 2015339ms] [WARNING] PayloadNotCreated {$ep: MOUSE_API} @ https://static.parastorage.com/unpkg/@sentry/browser@6.19.7/build/bundle.min.js:1
[ 2015605ms] Uncaught (in promise) TypeError: Cannot destructure property 'appDefinitionId' of 'i' as it is null.
    at <anonymous> (https://static.parastorage.com/services/wixstores-client-wishlist-button/1.882.0/editorScript.bundle.min.js:0:133296)
[ 2071346ms] [ERROR] Failed to load resource: the server responded with a status of 404 () @ https://editor.wix.com/v1/bulk/report-exposures:0
[ 2242595ms] [ERROR] Failed to load resource: the server responded with a status of 404 () @ https://editor.wix.com/v1/bulk/report-exposures:0
[ 2292257ms] [WARNING] The main 'lit-element' module entrypoint is deprecated. Please update your imports to use the 'lit' package: 'lit' and 'lit/decorators.ts' or import from 'lit-element/lit-element.ts'. See https://lit.dev/msg/deprecated-import-path for more information. @ https://static.parastorage.com/services/media-manager-g6/1.3109.0/MediaManager.bundle.min.js:105
[ 2299913ms] [ERROR] Failed to load resource: net::ERR_NAME_NOT_RESOLVED @ https://frog.studio.com/media-studio?src=94&evid=2&entryPoint=&initiatorName=media-manager-g6&mediaRoot=images%2Cvideos%2CtransparentVideos%2Cillustrations%2CvectorArt%2CbasicShapes%2Csocial_icons%2CappIcons&sessionId=mdst-1773540765398-5817715302&_brandId=studio:0
[ 2307829ms] [ERROR] Failed to load resource: the server responded with a status of 404 () @ https://editor.wix.com/v1/bulk/report-exposures:0
[ 2349785ms] [WARNING] PayloadNotCreated {$ep: MOUSE_API} @ https://static.parastorage.com/unpkg/@sentry/browser@6.19.7/build/bundle.min.js:1
[ 2380814ms] [WARNING] PayloadNotCreated {$ep: MOUSE_API} @ https://static.parastorage.com/unpkg/@sentry/browser@6.19.7/build/bundle.min.js:1
[ 2412792ms] [WARNING] PayloadNotCreated {$ep: MOUSE_API} @ https://static.parastorage.com/unpkg/@sentry/browser@6.19.7/build/bundle.min.js:1
[ 2466085ms] [WARNING] PayloadNotCreated {$ep: MOUSE_API} @ https://static.parastorage.com/unpkg/@sentry/browser@6.19.7/build/bundle.min.js:1
[ 2495608ms] [WARNING] PayloadNotCreated {$ep: MOUSE_API} @ https://static.parastorage.com/unpkg/@sentry/browser@6.19.7/build/bundle.min.js:1
[ 2580988ms] [WARNING] PayloadNotCreated {$ep: MOUSE_API} @ https://static.parastorage.com/unpkg/@sentry/browser@6.19.7/build/bundle.min.js:1
[ 2742330ms] [WARNING] PayloadNotCreated {$ep: MOUSE_API} @ https://static.parastorage.com/unpkg/@sentry/browser@6.19.7/build/bundle.min.js:1
[ 2783315ms] [WARNING] PayloadNotCreated {$ep: MOUSE_API} @ https://static.parastorage.com/unpkg/@sentry/browser@6.19.7/build/bundle.min.js:1
[ 2783746ms] Uncaught (in promise) TypeError: Cannot destructure property 'appDefinitionId' of 'i' as it is null.
    at <anonymous> (https://static.parastorage.com/services/wixstores-client-wishlist-button/1.882.0/editorScript.bundle.min.js:0:133296)
[ 2813451ms] [WARNING] PayloadNotCreated {$ep: MOUSE_API} @ https://static.parastorage.com/unpkg/@sentry/browser@6.19.7/build/bundle.min.js:1
[ 2944831ms] [WARNING] PayloadNotCreated {$ep: MOUSE_API} @ https://static.parastorage.com/unpkg/@sentry/browser@6.19.7/build/bundle.min.js:1
[ 2978447ms] [WARNING] PayloadNotCreated {$ep: MOUSE_API} @ https://static.parastorage.com/unpkg/@sentry/browser@6.19.7/build/bundle.min.js:1
[ 3011644ms] [WARNING] PayloadNotCreated {$ep: MOUSE_API} @ https://static.parastorage.com/unpkg/@sentry/browser@6.19.7/build/bundle.min.js:1
[ 3043879ms] [WARNING] PayloadNotCreated {$ep: MOUSE_API} @ https://static.parastorage.com/unpkg/@sentry/browser@6.19.7/build/bundle.min.js:1
[ 3082037ms] [WARNING] PayloadNotCreated {$ep: MOUSE_API} @ https://static.parastorage.com/unpkg/@sentry/browser@6.19.7/build/bundle.min.js:1
[ 3082656ms] Uncaught (in promise) TypeError: Cannot destructure property 'appDefinitionId' of 'i' as it is null.
    at <anonymous> (https://static.parastorage.com/services/wixstores-client-wishlist-button/1.882.0/editorScript.bundle.min.js:0:133296)
[ 3144522ms] [ERROR] Failed to load resource: the server responded with a status of 404 () @ https://editor.wix.com/_api/wix-code-ide-server-ng/v1/apps/6f0e13d4-3e10-4fda-8f55-a95b6b6cb58c/file?gridAppId=6f0e13d4-3e10-4fda-8f55-a95b6b6cb58c&layout=ONLINE&path=public%2Fpages%2Fkkbdq.js&branchId=00000000-0000-0000-0000-000000000000:0
